#
# There is insufficient memory for the Java Runtime Environment to continue.
# Native memory allocation (malloc) failed to allocate 32744 bytes. Error detail: Chunk::new
# Possible reasons:
#   The system is out of physical RAM or swap space
#   This process is running with CompressedOops enabled, and the Java Heap may be blocking the growth of the native heap
# Possible solutions:
#   Reduce memory load on the system
#   Increase physical memory or swap space
#   Check if swap backing store is full
#   Decrease Java heap size (-Xmx/-Xms)
#   Decrease number of Java threads
#   Decrease Java thread stack sizes (-Xss)
#   Set larger code cache with -XX:ReservedCodeCacheSize=
#   JVM is running with Unscaled Compressed Oops mode in which the Java heap is
#     placed in the first 4GB address space. The Java Heap base address is the
#     maximum limit for the native heap growth. Please use -XX:HeapBaseMinAddress
#     to set the Java Heap base and to place the Java Heap above 4GB virtual address.
# This output file may be truncated or incomplete.
#
#  Out of Memory Error (arena.cpp:168), pid=10748, tid=11036
#
# JRE version: OpenJDK Runtime Environment Temurin-21.0.3+9 (21.0.3+9) (build 21.0.3+9-LTS)
# Java VM: OpenJDK 64-Bit Server VM Temurin-21.0.3+9 (21.0.3+9-LTS, mixed mode, sharing, tiered, compressed oops, compressed class ptrs, g1 gc, windows-amd64)
# No core dump will be written. Minidumps are not enabled by default on client versions of Windows
#

---------------  S U M M A R Y ------------

Command Line: -Xmx64m -Xms64m -Dorg.gradle.appname=gradlew org.gradle.wrapper.GradleWrapperMain clean

Host: Intel(R) Core(TM) i5-3470 CPU @ 3.20GHz, 4 cores, 7G,  Windows 10 , 64 bit Build 19041 (10.0.19041.5915)
Time: Thu Nov 13 18:15:02 2025 Hora est. Pacífico, Sudamérica elapsed time: 5.276663 seconds (0d 0h 0m 5s)

---------------  T H R E A D  ---------------

Current thread (0x0000017ef26fb6f0):  JavaThread "C1 CompilerThread0" daemon [_thread_in_native, id=11036, stack(0x0000005e30900000,0x0000005e30a00000) (1024K)]


Current CompileTask:
C1:   5276 1933       3       sun.invoke.util.VerifyAccess::isMemberAccessible (338 bytes)

Stack: [0x0000005e30900000,0x0000005e30a00000]
Native frames: (J=compiled Java code, j=interpreted, Vv=VM code, C=native code)
V  [jvm.dll+0x6c8699]
V  [jvm.dll+0x8a2061]
V  [jvm.dll+0x8a458e]
V  [jvm.dll+0x8a4c63]
V  [jvm.dll+0x27e476]
V  [jvm.dll+0xc4a1d]
V  [jvm.dll+0xc4f53]
V  [jvm.dll+0x1975bd]
V  [jvm.dll+0x1973d3]
V  [jvm.dll+0x1963c4]
V  [jvm.dll+0x19668a]
V  [jvm.dll+0x19855e]
V  [jvm.dll+0x153123]
V  [jvm.dll+0x152968]
V  [jvm.dll+0x152bb4]
V  [jvm.dll+0x151fe6]
V  [jvm.dll+0x153dbd]
V  [jvm.dll+0x255719]
V  [jvm.dll+0x253cba]
V  [jvm.dll+0x3ec1e6]
V  [jvm.dll+0x84bf8b]
V  [jvm.dll+0x6c6dcd]
C  [ucrtbase.dll+0x21bb2]
C  [KERNEL32.DLL+0x17374]
C  [ntdll.dll+0x4cc91]


---------------  P R O C E S S  ---------------

Threads class SMR info:
_java_thread_list=0x0000017ef7de3f80, length=12, elements={
0x0000017ed69ce770, 0x0000017ef26e2b10, 0x0000017ef26e3be0, 0x0000017ef26e7f80,
0x0000017ef26eca00, 0x0000017ef26eda40, 0x0000017ef26ee4a0, 0x0000017ef26f73f0,
0x0000017ef26fb6f0, 0x0000017ef2962800, 0x0000017ef29658a0, 0x0000017ef2cc5900
}

Java Threads: ( => current thread )
  0x0000017ed69ce770 JavaThread "main"                              [_thread_in_vm, id=752, stack(0x0000005e2fa00000,0x0000005e2fb00000) (1024K)]
  0x0000017ef26e2b10 JavaThread "Reference Handler"          daemon [_thread_blocked, id=14236, stack(0x0000005e30200000,0x0000005e30300000) (1024K)]
  0x0000017ef26e3be0 JavaThread "Finalizer"                  daemon [_thread_blocked, id=2580, stack(0x0000005e30300000,0x0000005e30400000) (1024K)]
  0x0000017ef26e7f80 JavaThread "Signal Dispatcher"          daemon [_thread_blocked, id=5020, stack(0x0000005e30400000,0x0000005e30500000) (1024K)]
  0x0000017ef26eca00 JavaThread "Attach Listener"            daemon [_thread_blocked, id=2052, stack(0x0000005e30500000,0x0000005e30600000) (1024K)]
  0x0000017ef26eda40 JavaThread "Service Thread"             daemon [_thread_blocked, id=2424, stack(0x0000005e30600000,0x0000005e30700000) (1024K)]
  0x0000017ef26ee4a0 JavaThread "Monitor Deflation Thread"   daemon [_thread_blocked, id=14120, stack(0x0000005e30700000,0x0000005e30800000) (1024K)]
  0x0000017ef26f73f0 JavaThread "C2 CompilerThread0"         daemon [_thread_blocked, id=14088, stack(0x0000005e30800000,0x0000005e30900000) (1024K)]
=>0x0000017ef26fb6f0 JavaThread "C1 CompilerThread0"         daemon [_thread_in_native, id=11036, stack(0x0000005e30900000,0x0000005e30a00000) (1024K)]
  0x0000017ef2962800 JavaThread "Notification Thread"        daemon [_thread_blocked, id=7332, stack(0x0000005e30a00000,0x0000005e30b00000) (1024K)]
  0x0000017ef29658a0 JavaThread "Common-Cleaner"             daemon [_thread_blocked, id=5484, stack(0x0000005e30b00000,0x0000005e30c00000) (1024K)]
  0x0000017ef2cc5900 JavaThread "pool-1-thread-1"                   [_thread_blocked, id=14144, stack(0x0000005e31000000,0x0000005e31100000) (1024K)]
Total: 12

Other Threads:
  0x0000017ef26c75b0 VMThread "VM Thread"                           [id=1672, stack(0x0000005e30100000,0x0000005e30200000) (1024K)]
  0x0000017ef26bae30 WatcherThread "VM Periodic Task Thread"        [id=9696, stack(0x0000005e30000000,0x0000005e30100000) (1024K)]
  0x0000017ed8ad7a90 WorkerThread "GC Thread#0"                     [id=2464, stack(0x0000005e2fb00000,0x0000005e2fc00000) (1024K)]
  0x0000017ef2b5eb70 WorkerThread "GC Thread#1"                     [id=14312, stack(0x0000005e30c00000,0x0000005e30d00000) (1024K)]
  0x0000017ef2b5f330 WorkerThread "GC Thread#2"                     [id=1956, stack(0x0000005e30d00000,0x0000005e30e00000) (1024K)]
  0x0000017ef7020140 WorkerThread "GC Thread#3"                     [id=13008, stack(0x0000005e30e00000,0x0000005e30f00000) (1024K)]
  0x0000017ed8ad9270 ConcurrentGCThread "G1 Main Marker"            [id=13816, stack(0x0000005e2fc00000,0x0000005e2fd00000) (1024K)]
  0x0000017ed8ad9f20 WorkerThread "G1 Conc#0"                       [id=7796, stack(0x0000005e2fd00000,0x0000005e2fe00000) (1024K)]
  0x0000017ed8b32a40 ConcurrentGCThread "G1 Refine#0"               [id=9492, stack(0x0000005e2fe00000,0x0000005e2ff00000) (1024K)]
  0x0000017ed8b335b0 ConcurrentGCThread "G1 Service"                [id=15096, stack(0x0000005e2ff00000,0x0000005e30000000) (1024K)]
Total: 10

Threads with active compile tasks:
C1 CompilerThread0     5302 1933       3       sun.invoke.util.VerifyAccess::isMemberAccessible (338 bytes)
Total: 1

VM state: not at safepoint (normal execution)

VM Mutex/Monitor currently owned by a thread: None

Heap address: 0x00000000fc000000, size: 64 MB, Compressed Oops mode: 32-bit

CDS archive(s) mapped at: [0x0000017e80000000-0x0000017e80c90000-0x0000017e80c90000), size 13172736, SharedBaseAddress: 0x0000017e80000000, ArchiveRelocationMode: 1.
Compressed class space mapped at: 0x0000017e81000000-0x0000017ec1000000, reserved size: 1073741824
Narrow klass base: 0x0000017e80000000, Narrow klass shift: 0, Narrow klass range: 0x100000000

GC Precious Log:
 CardTable entry size: 512
 Card Set container configuration: InlinePtr #cards 5 size 8 Array Of Cards #cards 12 size 40 Howl #buckets 4 coarsen threshold 1843 Howl Bitmap #cards 512 size 80 coarsen threshold 460 Card regions per heap region 1 cards per card region 2048
 CPUs: 4 total, 4 available
 Memory: 8146M
 Large Page Support: Disabled
 NUMA Support: Disabled
 Compressed Oops: Enabled (32-bit)
 Heap Region Size: 1M
 Heap Min Capacity: 64M
 Heap Initial Capacity: 64M
 Heap Max Capacity: 64M
 Pre-touch: Disabled
 Parallel Workers: 4
 Concurrent Workers: 1
 Concurrent Refinement Workers: 4
 Periodic GC: Disabled

Heap:
 garbage-first heap   total 65536K, used 39008K [0x00000000fc000000, 0x0000000100000000)
  region size 1024K, 33 young (33792K), 4 survivors (4096K)
 Metaspace       used 10852K, committed 11200K, reserved 1114112K
  class space    used 1428K, committed 1536K, reserved 1048576K

Heap Regions: E=young(eden), S=young(survivor), O=old, HS=humongous(starts), HC=humongous(continues), CS=collection set, F=free, TAMS=top-at-mark-start, PB=parsable bottom
|   0|0x00000000fc000000, 0x00000000fc100000, 0x00000000fc100000|100%|HS|  |TAMS 0x00000000fc000000| PB 0x00000000fc000000| Complete 
|   1|0x00000000fc100000, 0x00000000fc200000, 0x00000000fc200000|100%|HC|  |TAMS 0x00000000fc100000| PB 0x00000000fc100000| Complete 
|   2|0x00000000fc200000, 0x00000000fc300000, 0x00000000fc300000|100%|HC|  |TAMS 0x00000000fc200000| PB 0x00000000fc200000| Complete 
|   3|0x00000000fc300000, 0x00000000fc400000, 0x00000000fc400000|100%| O|  |TAMS 0x00000000fc300000| PB 0x00000000fc300000| Untracked 
|   4|0x00000000fc400000, 0x00000000fc500000, 0x00000000fc500000|100%| O|  |TAMS 0x00000000fc400000| PB 0x00000000fc400000| Untracked 
|   5|0x00000000fc500000, 0x00000000fc600000, 0x00000000fc600000|100%| O|  |TAMS 0x00000000fc500000| PB 0x00000000fc500000| Untracked 
|   6|0x00000000fc600000, 0x00000000fc618300, 0x00000000fc700000|  9%| O|  |TAMS 0x00000000fc600000| PB 0x00000000fc600000| Untracked 
|   7|0x00000000fc700000, 0x00000000fc700000, 0x00000000fc800000|  0%| F|  |TAMS 0x00000000fc700000| PB 0x00000000fc700000| Untracked 
|   8|0x00000000fc800000, 0x00000000fc800000, 0x00000000fc900000|  0%| F|  |TAMS 0x00000000fc800000| PB 0x00000000fc800000| Untracked 
|   9|0x00000000fc900000, 0x00000000fc900000, 0x00000000fca00000|  0%| F|  |TAMS 0x00000000fc900000| PB 0x00000000fc900000| Untracked 
|  10|0x00000000fca00000, 0x00000000fca00000, 0x00000000fcb00000|  0%| F|  |TAMS 0x00000000fca00000| PB 0x00000000fca00000| Untracked 
|  11|0x00000000fcb00000, 0x00000000fcb00000, 0x00000000fcc00000|  0%| F|  |TAMS 0x00000000fcb00000| PB 0x00000000fcb00000| Untracked 
|  12|0x00000000fcc00000, 0x00000000fcc00000, 0x00000000fcd00000|  0%| F|  |TAMS 0x00000000fcc00000| PB 0x00000000fcc00000| Untracked 
|  13|0x00000000fcd00000, 0x00000000fcd00000, 0x00000000fce00000|  0%| F|  |TAMS 0x00000000fcd00000| PB 0x00000000fcd00000| Untracked 
|  14|0x00000000fce00000, 0x00000000fce00000, 0x00000000fcf00000|  0%| F|  |TAMS 0x00000000fce00000| PB 0x00000000fce00000| Untracked 
|  15|0x00000000fcf00000, 0x00000000fcf00000, 0x00000000fd000000|  0%| F|  |TAMS 0x00000000fcf00000| PB 0x00000000fcf00000| Untracked 
|  16|0x00000000fd000000, 0x00000000fd000000, 0x00000000fd100000|  0%| F|  |TAMS 0x00000000fd000000| PB 0x00000000fd000000| Untracked 
|  17|0x00000000fd100000, 0x00000000fd100000, 0x00000000fd200000|  0%| F|  |TAMS 0x00000000fd100000| PB 0x00000000fd100000| Untracked 
|  18|0x00000000fd200000, 0x00000000fd200000, 0x00000000fd300000|  0%| F|  |TAMS 0x00000000fd200000| PB 0x00000000fd200000| Untracked 
|  19|0x00000000fd300000, 0x00000000fd300000, 0x00000000fd400000|  0%| F|  |TAMS 0x00000000fd300000| PB 0x00000000fd300000| Untracked 
|  20|0x00000000fd400000, 0x00000000fd400000, 0x00000000fd500000|  0%| F|  |TAMS 0x00000000fd400000| PB 0x00000000fd400000| Untracked 
|  21|0x00000000fd500000, 0x00000000fd500000, 0x00000000fd600000|  0%| F|  |TAMS 0x00000000fd500000| PB 0x00000000fd500000| Untracked 
|  22|0x00000000fd600000, 0x00000000fd600000, 0x00000000fd700000|  0%| F|  |TAMS 0x00000000fd600000| PB 0x00000000fd600000| Untracked 
|  23|0x00000000fd700000, 0x00000000fd700000, 0x00000000fd800000|  0%| F|  |TAMS 0x00000000fd700000| PB 0x00000000fd700000| Untracked 
|  24|0x00000000fd800000, 0x00000000fd800000, 0x00000000fd900000|  0%| F|  |TAMS 0x00000000fd800000| PB 0x00000000fd800000| Untracked 
|  25|0x00000000fd900000, 0x00000000fd900000, 0x00000000fda00000|  0%| F|  |TAMS 0x00000000fd900000| PB 0x00000000fd900000| Untracked 
|  26|0x00000000fda00000, 0x00000000fda00000, 0x00000000fdb00000|  0%| F|  |TAMS 0x00000000fda00000| PB 0x00000000fda00000| Untracked 
|  27|0x00000000fdb00000, 0x00000000fdb00000, 0x00000000fdc00000|  0%| F|  |TAMS 0x00000000fdb00000| PB 0x00000000fdb00000| Untracked 
|  28|0x00000000fdc00000, 0x00000000fdc00000, 0x00000000fdd00000|  0%| F|  |TAMS 0x00000000fdc00000| PB 0x00000000fdc00000| Untracked 
|  29|0x00000000fdd00000, 0x00000000fdd00000, 0x00000000fde00000|  0%| F|  |TAMS 0x00000000fdd00000| PB 0x00000000fdd00000| Untracked 
|  30|0x00000000fde00000, 0x00000000fde00000, 0x00000000fdf00000|  0%| F|  |TAMS 0x00000000fde00000| PB 0x00000000fde00000| Untracked 
|  31|0x00000000fdf00000, 0x00000000fdfd29b0, 0x00000000fe000000| 82%| E|  |TAMS 0x00000000fdf00000| PB 0x00000000fdf00000| Complete 
|  32|0x00000000fe000000, 0x00000000fe100000, 0x00000000fe100000|100%| E|CS|TAMS 0x00000000fe000000| PB 0x00000000fe000000| Complete 
|  33|0x00000000fe100000, 0x00000000fe200000, 0x00000000fe200000|100%| E|CS|TAMS 0x00000000fe100000| PB 0x00000000fe100000| Complete 
|  34|0x00000000fe200000, 0x00000000fe300000, 0x00000000fe300000|100%| E|CS|TAMS 0x00000000fe200000| PB 0x00000000fe200000| Complete 
|  35|0x00000000fe300000, 0x00000000fe400000, 0x00000000fe400000|100%| S|CS|TAMS 0x00000000fe300000| PB 0x00000000fe300000| Complete 
|  36|0x00000000fe400000, 0x00000000fe500000, 0x00000000fe500000|100%| S|CS|TAMS 0x00000000fe400000| PB 0x00000000fe400000| Complete 
|  37|0x00000000fe500000, 0x00000000fe600000, 0x00000000fe600000|100%| S|CS|TAMS 0x00000000fe500000| PB 0x00000000fe500000| Complete 
|  38|0x00000000fe600000, 0x00000000fe700000, 0x00000000fe700000|100%| S|CS|TAMS 0x00000000fe600000| PB 0x00000000fe600000| Complete 
|  39|0x00000000fe700000, 0x00000000fe800000, 0x00000000fe800000|100%| E|CS|TAMS 0x00000000fe700000| PB 0x00000000fe700000| Complete 
|  40|0x00000000fe800000, 0x00000000fe900000, 0x00000000fe900000|100%| E|CS|TAMS 0x00000000fe800000| PB 0x00000000fe800000| Complete 
|  41|0x00000000fe900000, 0x00000000fea00000, 0x00000000fea00000|100%| E|CS|TAMS 0x00000000fe900000| PB 0x00000000fe900000| Complete 
|  42|0x00000000fea00000, 0x00000000feb00000, 0x00000000feb00000|100%| E|CS|TAMS 0x00000000fea00000| PB 0x00000000fea00000| Complete 
|  43|0x00000000feb00000, 0x00000000fec00000, 0x00000000fec00000|100%| E|CS|TAMS 0x00000000feb00000| PB 0x00000000feb00000| Complete 
|  44|0x00000000fec00000, 0x00000000fed00000, 0x00000000fed00000|100%| E|CS|TAMS 0x00000000fec00000| PB 0x00000000fec00000| Complete 
|  45|0x00000000fed00000, 0x00000000fee00000, 0x00000000fee00000|100%| E|CS|TAMS 0x00000000fed00000| PB 0x00000000fed00000| Complete 
|  46|0x00000000fee00000, 0x00000000fef00000, 0x00000000fef00000|100%| E|CS|TAMS 0x00000000fee00000| PB 0x00000000fee00000| Complete 
|  47|0x00000000fef00000, 0x00000000ff000000, 0x00000000ff000000|100%| E|CS|TAMS 0x00000000fef00000| PB 0x00000000fef00000| Complete 
|  48|0x00000000ff000000, 0x00000000ff100000, 0x00000000ff100000|100%| E|CS|TAMS 0x00000000ff000000| PB 0x00000000ff000000| Complete 
|  49|0x00000000ff100000, 0x00000000ff200000, 0x00000000ff200000|100%| E|CS|TAMS 0x00000000ff100000| PB 0x00000000ff100000| Complete 
|  50|0x00000000ff200000, 0x00000000ff300000, 0x00000000ff300000|100%| E|CS|TAMS 0x00000000ff200000| PB 0x00000000ff200000| Complete 
|  51|0x00000000ff300000, 0x00000000ff400000, 0x00000000ff400000|100%| E|CS|TAMS 0x00000000ff300000| PB 0x00000000ff300000| Complete 
|  52|0x00000000ff400000, 0x00000000ff500000, 0x00000000ff500000|100%| E|CS|TAMS 0x00000000ff400000| PB 0x00000000ff400000| Complete 
|  53|0x00000000ff500000, 0x00000000ff600000, 0x00000000ff600000|100%| E|CS|TAMS 0x00000000ff500000| PB 0x00000000ff500000| Complete 
|  54|0x00000000ff600000, 0x00000000ff700000, 0x00000000ff700000|100%| E|CS|TAMS 0x00000000ff600000| PB 0x00000000ff600000| Complete 
|  55|0x00000000ff700000, 0x00000000ff800000, 0x00000000ff800000|100%| E|CS|TAMS 0x00000000ff700000| PB 0x00000000ff700000| Complete 
|  56|0x00000000ff800000, 0x00000000ff900000, 0x00000000ff900000|100%| E|CS|TAMS 0x00000000ff800000| PB 0x00000000ff800000| Complete 
|  57|0x00000000ff900000, 0x00000000ffa00000, 0x00000000ffa00000|100%| E|CS|TAMS 0x00000000ff900000| PB 0x00000000ff900000| Complete 
|  58|0x00000000ffa00000, 0x00000000ffb00000, 0x00000000ffb00000|100%| E|CS|TAMS 0x00000000ffa00000| PB 0x00000000ffa00000| Complete 
|  59|0x00000000ffb00000, 0x00000000ffc00000, 0x00000000ffc00000|100%| E|CS|TAMS 0x00000000ffb00000| PB 0x00000000ffb00000| Complete 
|  60|0x00000000ffc00000, 0x00000000ffd00000, 0x00000000ffd00000|100%| E|CS|TAMS 0x00000000ffc00000| PB 0x00000000ffc00000| Complete 
|  61|0x00000000ffd00000, 0x00000000ffe00000, 0x00000000ffe00000|100%| E|CS|TAMS 0x00000000ffd00000| PB 0x00000000ffd00000| Complete 
|  62|0x00000000ffe00000, 0x00000000fff00000, 0x00000000fff00000|100%| E|CS|TAMS 0x00000000ffe00000| PB 0x00000000ffe00000| Complete 
|  63|0x00000000fff00000, 0x0000000100000000, 0x0000000100000000|100%| E|CS|TAMS 0x00000000fff00000| PB 0x00000000fff00000| Complete 

Card table byte_map: [0x0000017ed88c0000,0x0000017ed88e0000] _byte_map_base: 0x0000017ed80e0000

Marking Bits: (CMBitMap*) 0x0000017ed8ad8190
 Bits: [0x0000017ed88e0000, 0x0000017ed89e0000)

Polling page: 0x0000017ed6990000

Metaspace:

Usage:
  Non-class:      9.23 MB used.
      Class:      1.40 MB used.
       Both:     10.63 MB used.

Virtual space:
  Non-class space:       64.00 MB reserved,       9.44 MB ( 15%) committed,  1 nodes.
      Class space:        1.00 GB reserved,       1.56 MB ( <1%) committed,  1 nodes.
             Both:        1.06 GB reserved,      11.00 MB (  1%) committed. 

Chunk freelists:
   Non-Class:  5.97 MB
       Class:  14.38 MB
        Both:  20.35 MB

MaxMetaspaceSize: unlimited
CompressedClassSpaceSize: 1.00 GB
Initial GC threshold: 21.00 MB
Current GC threshold: 21.00 MB
CDS: on
 - commit_granule_bytes: 65536.
 - commit_granule_words: 8192.
 - virtual_space_node_default_size: 8388608.
 - enlarge_chunks_in_place: 1.
 - use_allocation_guard: 0.


Internal statistics:

num_allocs_failed_limit: 0.
num_arena_births: 328.
num_arena_deaths: 0.
num_vsnodes_births: 2.
num_vsnodes_deaths: 0.
num_space_committed: 176.
num_space_uncommitted: 0.
num_chunks_returned_to_freelist: 0.
num_chunks_taken_from_freelist: 658.
num_chunk_merges: 0.
num_chunk_splits: 423.
num_chunks_enlarged: 287.
num_inconsistent_stats: 0.

CodeHeap 'non-profiled nmethods': size=120000Kb used=907Kb max_used=907Kb free=119092Kb
 bounds [0x0000017ee8c70000, 0x0000017ee8ee0000, 0x0000017ef01a0000]
CodeHeap 'profiled nmethods': size=120000Kb used=3765Kb max_used=3765Kb free=116234Kb
 bounds [0x0000017ee11a0000, 0x0000017ee1550000, 0x0000017ee86d0000]
CodeHeap 'non-nmethods': size=5760Kb used=1429Kb max_used=1443Kb free=4331Kb
 bounds [0x0000017ee86d0000, 0x0000017ee8940000, 0x0000017ee8c70000]
 total_blobs=2456 nmethods=1936 adapters=425
 compilation: enabled
              stopped_count=0, restarted_count=0
 full_count=0

Compilation events (20 events):
Event: 4.586 Thread 0x0000017ef26fb6f0 nmethod 1923 0x0000017ee1546190 code [0x0000017ee1546340, 0x0000017ee1546508]
Event: 4.592 Thread 0x0000017ef26fb6f0 1924       3       java.util.regex.ASCII::isDigit (18 bytes)
Event: 4.592 Thread 0x0000017ef26fb6f0 nmethod 1924 0x0000017ee1546610 code [0x0000017ee15467a0, 0x0000017ee15468f8]
Event: 4.595 Thread 0x0000017ef26fb6f0 1925       3       java.lang.invoke.TypeConvertingMethodAdapter::descriptorToName (36 bytes)
Event: 4.596 Thread 0x0000017ef26fb6f0 nmethod 1925 0x0000017ee1546990 code [0x0000017ee1546c20, 0x0000017ee15477e0]
Event: 4.596 Thread 0x0000017ef26fb6f0 1926       3       com.esotericsoftware.kryo.io.Output::writeString (125 bytes)
Event: 4.596 Thread 0x0000017ef26fb6f0 nmethod 1926 0x0000017ee1547c90 code [0x0000017ee1547ec0, 0x0000017ee1548530]
Event: 4.596 Thread 0x0000017ef26fb6f0 1927       3       com.esotericsoftware.kryo.io.Output::require (209 bytes)
Event: 4.597 Thread 0x0000017ef26fb6f0 nmethod 1927 0x0000017ee1548790 code [0x0000017ee1548b00, 0x0000017ee1549d48]
Event: 5.261 Thread 0x0000017ef26fb6f0 1928       3       java.lang.invoke.MethodHandles$Lookup$ClassFile::newInstanceNoCheck (11 bytes)
Event: 5.262 Thread 0x0000017ef26fb6f0 nmethod 1928 0x0000017ee154a390 code [0x0000017ee154a540, 0x0000017ee154a800]
Event: 5.262 Thread 0x0000017ef26fb6f0 1930       3       java.lang.invoke.MethodHandles$Lookup::isArrayClone (50 bytes)
Event: 5.262 Thread 0x0000017ef26fb6f0 nmethod 1930 0x0000017ee154a910 code [0x0000017ee154ab20, 0x0000017ee154b1e0]
Event: 5.262 Thread 0x0000017ef26fb6f0 1929       3       java.lang.invoke.MethodHandles$Lookup$ClassFile::<init> (20 bytes)
Event: 5.262 Thread 0x0000017ef26fb6f0 nmethod 1929 0x0000017ee154b410 code [0x0000017ee154b5c0, 0x0000017ee154b7e8]
Event: 5.263 Thread 0x0000017ef26fb6f0 1931       3       java.nio.Buffer::position (52 bytes)
Event: 5.263 Thread 0x0000017ef26fb6f0 nmethod 1931 0x0000017ee154b890 code [0x0000017ee154ba40, 0x0000017ee154bcb0]
Event: 5.263 Thread 0x0000017ef26fb6f0 1932       3       java.io.BufferedReader::implReadLine (301 bytes)
Event: 5.264 Thread 0x0000017ef26fb6f0 nmethod 1932 0x0000017ee154bd90 code [0x0000017ee154c080, 0x0000017ee154d0c8]
Event: 5.264 Thread 0x0000017ef26fb6f0 1933       3       sun.invoke.util.VerifyAccess::isMemberAccessible (338 bytes)

GC Heap History (4 events):
Event: 0.413 GC heap before
{Heap before GC invocations=0 (full 0):
 garbage-first heap   total 65536K, used 13312K [0x00000000fc000000, 0x0000000100000000)
  region size 1024K, 13 young (13312K), 0 survivors (0K)
 Metaspace       used 1590K, committed 1792K, reserved 1114112K
  class space    used 149K, committed 256K, reserved 1048576K
}
Event: 0.416 GC heap after
{Heap after GC invocations=1 (full 0):
 garbage-first heap   total 65536K, used 1552K [0x00000000fc000000, 0x0000000100000000)
  region size 1024K, 2 young (2048K), 2 survivors (2048K)
 Metaspace       used 1590K, committed 1792K, reserved 1114112K
  class space    used 149K, committed 256K, reserved 1048576K
}
Event: 0.989 GC heap before
{Heap before GC invocations=1 (full 0):
 garbage-first heap   total 65536K, used 27152K [0x00000000fc000000, 0x0000000100000000)
  region size 1024K, 25 young (25600K), 2 survivors (2048K)
 Metaspace       used 3962K, committed 4096K, reserved 1114112K
  class space    used 479K, committed 512K, reserved 1048576K
}
Event: 0.994 GC heap after
{Heap after GC invocations=2 (full 0):
 garbage-first heap   total 65536K, used 10336K [0x00000000fc000000, 0x0000000100000000)
  region size 1024K, 4 young (4096K), 4 survivors (4096K)
 Metaspace       used 3962K, committed 4096K, reserved 1114112K
  class space    used 479K, committed 512K, reserved 1048576K
}

Dll operation events (13 events):
Event: 0.007 Loaded shared library C:\Program Files\Eclipse Adoptium\jdk-21.0.3.9-hotspot\bin\java.dll
Event: 0.041 Loaded shared library C:\Program Files\Eclipse Adoptium\jdk-21.0.3.9-hotspot\bin\jsvml.dll
Event: 0.066 Loaded shared library C:\Program Files\Eclipse Adoptium\jdk-21.0.3.9-hotspot\bin\net.dll
Event: 0.068 Loaded shared library C:\Program Files\Eclipse Adoptium\jdk-21.0.3.9-hotspot\bin\nio.dll
Event: 0.076 Loaded shared library C:\Program Files\Eclipse Adoptium\jdk-21.0.3.9-hotspot\bin\zip.dll
Event: 0.531 Loaded shared library C:\Program Files\Eclipse Adoptium\jdk-21.0.3.9-hotspot\bin\jimage.dll
Event: 0.868 Loaded shared library C:\Program Files\Eclipse Adoptium\jdk-21.0.3.9-hotspot\bin\verify.dll
Event: 0.965 Loaded shared library C:\Program Files\Eclipse Adoptium\jdk-21.0.3.9-hotspot\bin\management.dll
Event: 0.968 Loaded shared library C:\Program Files\Eclipse Adoptium\jdk-21.0.3.9-hotspot\bin\management_ext.dll
Event: 1.027 Loaded shared library C:\Users\Admin\.gradle\native\1def1411415f61bf3af743bc5b6707747c0891f09f0c88961ee8f79bc544acac\windows-amd64\native-platform.dll
Event: 1.066 Loaded shared library C:\Users\Admin\.gradle\native\jansi\1.18\windows64\jansi.dll
Event: 1.259 Loaded shared library C:\Program Files\Eclipse Adoptium\jdk-21.0.3.9-hotspot\bin\extnet.dll
Event: 4.563 Loaded shared library C:\Program Files\Eclipse Adoptium\jdk-21.0.3.9-hotspot\bin\sunmscapi.dll

Deoptimization events (20 events):
Event: 4.495 Thread 0x0000017ed69ce770 DEOPT PACKING pc=0x0000017ee8d374b8 sp=0x0000005e2fafddd0
Event: 4.495 Thread 0x0000017ed69ce770 DEOPT UNPACKING pc=0x0000017ee87246a2 sp=0x0000005e2fafdd38 mode 2
Event: 4.495 Thread 0x0000017ed69ce770 Uncommon trap: trap_request=0xffffffc6 fr.pc=0x0000017ee8d374b8 relative=0x0000000000002098
Event: 4.495 Thread 0x0000017ed69ce770 Uncommon trap: reason=bimorphic_or_optimized_type_check action=maybe_recompile pc=0x0000017ee8d374b8 method=java.io.DataInputStream.readFully([BII)V @ 30 c2
Event: 4.495 Thread 0x0000017ed69ce770 DEOPT PACKING pc=0x0000017ee8d374b8 sp=0x0000005e2fafde30
Event: 4.495 Thread 0x0000017ed69ce770 DEOPT UNPACKING pc=0x0000017ee87246a2 sp=0x0000005e2fafdd98 mode 2
Event: 4.495 Thread 0x0000017ed69ce770 Uncommon trap: trap_request=0xffffffc6 fr.pc=0x0000017ee8d374b8 relative=0x0000000000002098
Event: 4.495 Thread 0x0000017ed69ce770 Uncommon trap: reason=bimorphic_or_optimized_type_check action=maybe_recompile pc=0x0000017ee8d374b8 method=java.io.DataInputStream.readFully([BII)V @ 30 c2
Event: 4.495 Thread 0x0000017ed69ce770 DEOPT PACKING pc=0x0000017ee8d374b8 sp=0x0000005e2fafde20
Event: 4.495 Thread 0x0000017ed69ce770 DEOPT UNPACKING pc=0x0000017ee87246a2 sp=0x0000005e2fafdd88 mode 2
Event: 4.513 Thread 0x0000017ed69ce770 DEOPT PACKING pc=0x0000017ee1392370 sp=0x0000005e2fafbd50
Event: 4.514 Thread 0x0000017ed69ce770 DEOPT UNPACKING pc=0x0000017ee8724e42 sp=0x0000005e2fafb238 mode 0
Event: 4.539 Thread 0x0000017ed69ce770 Uncommon trap: trap_request=0xffffffde fr.pc=0x0000017ee8cb0fb8 relative=0x00000000000008f8
Event: 4.539 Thread 0x0000017ed69ce770 Uncommon trap: reason=class_check action=maybe_recompile pc=0x0000017ee8cb0fb8 method=java.util.HashMap.putVal(ILjava/lang/Object;Ljava/lang/Object;ZZ)Ljava/lang/Object; @ 203 c2
Event: 4.539 Thread 0x0000017ed69ce770 DEOPT PACKING pc=0x0000017ee8cb0fb8 sp=0x0000005e2fafb520
Event: 4.539 Thread 0x0000017ed69ce770 DEOPT UNPACKING pc=0x0000017ee87246a2 sp=0x0000005e2fafb448 mode 2
Event: 4.542 Thread 0x0000017ed69ce770 Uncommon trap: trap_request=0xffffffde fr.pc=0x0000017ee8cb0fb8 relative=0x00000000000008f8
Event: 4.542 Thread 0x0000017ed69ce770 Uncommon trap: reason=class_check action=maybe_recompile pc=0x0000017ee8cb0fb8 method=java.util.HashMap.putVal(ILjava/lang/Object;Ljava/lang/Object;ZZ)Ljava/lang/Object; @ 203 c2
Event: 4.542 Thread 0x0000017ed69ce770 DEOPT PACKING pc=0x0000017ee8cb0fb8 sp=0x0000005e2fafb520
Event: 4.542 Thread 0x0000017ed69ce770 DEOPT UNPACKING pc=0x0000017ee87246a2 sp=0x0000005e2fafb448 mode 2

Classes loaded (20 events):
Event: 5.257 Loading class sun/nio/fs/WindowsSecurityDescriptor
Event: 5.258 Loading class sun/nio/fs/WindowsSecurityDescriptor done
Event: 5.258 Loading class sun/nio/fs/WindowsChannelFactory
Event: 5.258 Loading class sun/nio/fs/WindowsChannelFactory done
Event: 5.258 Loading class sun/nio/fs/WindowsChannelFactory$1
Event: 5.258 Loading class sun/nio/fs/WindowsChannelFactory$1 done
Event: 5.258 Loading class sun/nio/fs/WindowsChannelFactory$Flags
Event: 5.258 Loading class sun/nio/fs/WindowsChannelFactory$Flags done
Event: 5.258 Loading class sun/nio/fs/WindowsChannelFactory$2
Event: 5.258 Loading class sun/nio/fs/WindowsChannelFactory$2 done
Event: 5.258 Loading class sun/nio/ch/FileChannelImpl$Closer
Event: 5.258 Loading class sun/nio/ch/FileChannelImpl$Closer done
Event: 5.259 Loading class java/util/stream/Streams$1
Event: 5.259 Loading class java/util/stream/Streams$1 done
Event: 5.262 Loading class java/nio/file/FileChannelLinesSpliterator$1
Event: 5.262 Loading class java/nio/file/FileChannelLinesSpliterator$1 done
Event: 5.262 Loading class java/nio/channels/Channels
Event: 5.262 Loading class java/nio/channels/Channels done
Event: 5.262 Loading class java/io/FileReader
Event: 5.262 Loading class java/io/FileReader done

Classes unloaded (0 events):
No events

Classes redefined (0 events):
No events

Internal exceptions (20 events):
Event: 1.361 Thread 0x0000017ed69ce770 Exception <a 'java/lang/NoSuchMethodError'{0x00000000ff287198}: 'java.lang.Object java.lang.invoke.DirectMethodHandle$Holder.invokeStatic(java.lang.Object, java.lang.Object, java.lang.Object, java.lang.Object, java.lang.Object, java.lang.Object, java.lang.Object, java.lang.Object, java.lang.Object, java.lang.Object, java.lang.Object, java.lang.Object, java.lang.Object, java.lang.Object, java.lang.Object, java.lang.Object, java.lang.Object, java.lang.Object, java.lang.Object, java.lang.Object, java.lang.Obj
Event: 1.364 Thread 0x0000017ed69ce770 Exception <a 'java/lang/NoSuchMethodError'{0x00000000ff2b3978}: 'java.lang.Object java.lang.invoke.DirectMethodHandle$Holder.invokeStatic(java.lang.Object, java.lang.Object, java.lang.Object, java.lang.Object, java.lang.Object, java.lang.Object, java.lang.Object, java.lang.Object, java.lang.Object, java.lang.Object, java.lang.Object, java.lang.Object, java.lang.Object, java.lang.Object, java.lang.Object, java.lang.Object, java.lang.Object, java.lang.Object, java.lang.Object, java.lang.Object, java.lang.Obj
Event: 1.367 Thread 0x0000017ed69ce770 Exception <a 'java/lang/NoSuchMethodError'{0x00000000ff2e1da8}: 'java.lang.Object java.lang.invoke.DirectMethodHandle$Holder.invokeStatic(java.lang.Object, java.lang.Object, java.lang.Object, java.lang.Object, java.lang.Object, java.lang.Object, java.lang.Object, java.lang.Object, java.lang.Object, java.lang.Object, java.lang.Object, java.lang.Object, java.lang.Object, java.lang.Object, java.lang.Object, java.lang.Object, java.lang.Object, java.lang.Object, java.lang.Object, java.lang.Object, java.lang.Obj
Event: 1.371 Thread 0x0000017ed69ce770 Exception <a 'java/lang/NoSuchMethodError'{0x00000000ff106120}: 'java.lang.Object java.lang.invoke.DirectMethodHandle$Holder.invokeSpecial(java.lang.Object, java.lang.Object, java.lang.Object, java.lang.Object, java.lang.Object, java.lang.Object, java.lang.Object, java.lang.Object, java.lang.Object, java.lang.Object, java.lang.Object, java.lang.Object, java.lang.Object, java.lang.Object, java.lang.Object, java.lang.Object, java.lang.Object, java.lang.Object, java.lang.Object, java.lang.Object, java.lang.Ob
Event: 1.372 Thread 0x0000017ed69ce770 Exception <a 'java/lang/NoSuchMethodError'{0x00000000ff11ba58}: 'java.lang.Object java.lang.invoke.DirectMethodHandle$Holder.newInvokeSpecial(java.lang.Object, java.lang.Object, java.lang.Object, java.lang.Object, java.lang.Object, java.lang.Object, java.lang.Object, java.lang.Object, java.lang.Object, java.lang.Object, java.lang.Object, java.lang.Object, java.lang.Object, java.lang.Object, java.lang.Object, java.lang.Object, java.lang.Object, java.lang.Object, java.lang.Object, java.lang.Object, java.lang
Event: 1.372 Thread 0x0000017ed69ce770 Exception <a 'java/lang/NoSuchMethodError'{0x00000000ff121bf0}: 'java.lang.Object java.lang.invoke.Invokers$Holder.linkToTargetMethod(java.lang.Object, java.lang.Object, java.lang.Object, java.lang.Object, java.lang.Object, java.lang.Object, java.lang.Object, java.lang.Object, java.lang.Object, java.lang.Object, java.lang.Object, java.lang.Object, java.lang.Object, java.lang.Object, java.lang.Object, java.lang.Object, java.lang.Object, java.lang.Object, java.lang.Object, java.lang.Object, java.lang.Object,
Event: 1.373 Thread 0x0000017ed69ce770 Exception <a 'java/lang/NoSuchMethodError'{0x00000000ff126ea0}: 'java.lang.Object java.lang.invoke.DirectMethodHandle$Holder.invokeVirtual(java.lang.Object, java.lang.Object, java.lang.Object, java.lang.Object, java.lang.Object, java.lang.Object, java.lang.Object, java.lang.Object, java.lang.Object, java.lang.Object)'> (0x00000000ff126ea0) 
thrown [s\src\hotspot\share\interpreter\linkResolver.cpp, line 773]
Event: 1.401 Thread 0x0000017ed69ce770 Exception <a 'java/lang/NoSuchMethodError'{0x00000000ff018880}: 'java.lang.Object java.lang.invoke.DirectMethodHandle$Holder.invokeVirtual(java.lang.Object, java.lang.Object, java.lang.Object, java.lang.Object, java.lang.Object, java.lang.Object, java.lang.Object, java.lang.Object, java.lang.Object)'> (0x00000000ff018880) 
thrown [s\src\hotspot\share\interpreter\linkResolver.cpp, line 773]
Event: 1.425 Thread 0x0000017ed69ce770 Exception <a 'java/lang/NoSuchMethodError'{0x00000000fef2a5d0}: 'java.lang.Object java.lang.invoke.DirectMethodHandle$Holder.invokeVirtual(java.lang.Object, java.lang.Object, java.lang.Object, java.lang.Object, java.lang.Object, java.lang.Object, java.lang.Object, java.lang.Object)'> (0x00000000fef2a5d0) 
thrown [s\src\hotspot\share\interpreter\linkResolver.cpp, line 773]
Event: 1.438 Thread 0x0000017ed69ce770 Exception <a 'java/lang/NoSuchMethodError'{0x00000000fefb26f0}: 'java.lang.Object java.lang.invoke.DirectMethodHandle$Holder.invokeStaticInit(java.lang.Object, int, int, int, int)'> (0x00000000fefb26f0) 
thrown [s\src\hotspot\share\interpreter\linkResolver.cpp, line 773]
Event: 1.449 Thread 0x0000017ed69ce770 Exception <a 'java/lang/NoSuchMethodError'{0x00000000fefc6828}: 'java.lang.Object java.lang.invoke.DirectMethodHandle$Holder.invokeStaticInit(java.lang.Object, java.lang.Object, int, int, int, int)'> (0x00000000fefc6828) 
thrown [s\src\hotspot\share\interpreter\linkResolver.cpp, line 773]
Event: 1.475 Thread 0x0000017ed69ce770 Implicit null exception at 0x0000017ee8cb5ea0 to 0x0000017ee8cb63fc
Event: 1.477 Thread 0x0000017ed69ce770 Implicit null exception at 0x0000017ee8cb6a20 to 0x0000017ee8cb6f68
Event: 1.548 Thread 0x0000017ed69ce770 Exception <a 'java/lang/NoSuchMethodError'{0x00000000fec9ce18}: 'void java.lang.invoke.DirectMethodHandle$Holder.invokeInterface(java.lang.Object, java.lang.Object, java.lang.Object)'> (0x00000000fec9ce18) 
thrown [s\src\hotspot\share\interpreter\linkResolver.cpp, line 773]
Event: 1.690 Thread 0x0000017ef7e3d580 Exception <a 'java/lang/NoSuchMethodError'{0x00000000fe20c798}: 'void java.lang.invoke.DirectMethodHandle$Holder.invokeStatic(java.lang.Object, long)'> (0x00000000fe20c798) 
thrown [s\src\hotspot\share\interpreter\linkResolver.cpp, line 773]
Event: 1.691 Thread 0x0000017ef7e3d580 Exception <a 'java/lang/NoSuchMethodError'{0x00000000fe211990}: 'java.lang.Object java.lang.invoke.DirectMethodHandle$Holder.newInvokeSpecial(java.lang.Object, long)'> (0x00000000fe211990) 
thrown [s\src\hotspot\share\interpreter\linkResolver.cpp, line 773]
Event: 1.692 Thread 0x0000017ef7e3d580 Exception <a 'java/lang/NoSuchMethodError'{0x00000000fe218660}: 'java.lang.Object java.lang.invoke.DirectMethodHandle$Holder.invokeStatic(java.lang.Object, long, java.lang.Object)'> (0x00000000fe218660) 
thrown [s\src\hotspot\share\interpreter\linkResolver.cpp, line 773]
Event: 1.693 Thread 0x0000017ef7e3d580 Exception <a 'java/lang/NoSuchMethodError'{0x00000000fe21bde8}: 'java.lang.Object java.lang.invoke.DirectMethodHandle$Holder.invokeStaticInit(java.lang.Object, long, java.lang.Object)'> (0x00000000fe21bde8) 
thrown [s\src\hotspot\share\interpreter\linkResolver.cpp, line 773]
Event: 5.255 Thread 0x0000017ed69ce770 Exception <a 'sun/net/ConnectionResetException'{0x00000000fe0e2148}: Connection reset> (0x00000000fe0e2148) 
thrown [s\src\hotspot\share\prims\jni.cpp, line 539]
Event: 5.264 Thread 0x0000017ed69ce770 Exception <a 'java/lang/NoSuchMethodError'{0x00000000fdf2bb08}: 'int java.lang.invoke.DirectMethodHandle$Holder.invokeVirtual(java.lang.Object, java.lang.Object)'> (0x00000000fdf2bb08) 
thrown [s\src\hotspot\share\interpreter\linkResolver.cpp, line 773]

ZGC Phase Switch (0 events):
No events

VM Operations (20 events):
Event: 1.171 Executing VM operation: HandshakeAllThreads (Deoptimize)
Event: 1.171 Executing VM operation: HandshakeAllThreads (Deoptimize) done
Event: 1.220 Executing VM operation: HandshakeAllThreads (Deoptimize)
Event: 1.222 Executing VM operation: HandshakeAllThreads (Deoptimize) done
Event: 1.447 Executing VM operation: HandshakeAllThreads (Deoptimize)
Event: 1.447 Executing VM operation: HandshakeAllThreads (Deoptimize) done
Event: 1.489 Executing VM operation: HandshakeAllThreads (Deoptimize)
Event: 1.489 Executing VM operation: HandshakeAllThreads (Deoptimize) done
Event: 1.698 Executing VM operation: HandshakeAllThreads (Deoptimize)
Event: 1.708 Executing VM operation: HandshakeAllThreads (Deoptimize) done
Event: 1.710 Executing VM operation: HandshakeAllThreads (Deoptimize)
Event: 1.710 Executing VM operation: HandshakeAllThreads (Deoptimize) done
Event: 1.720 Executing VM operation: HandshakeAllThreads (Deoptimize)
Event: 1.720 Executing VM operation: HandshakeAllThreads (Deoptimize) done
Event: 2.709 Executing VM operation: Cleanup
Event: 2.709 Executing VM operation: Cleanup done
Event: 3.738 Executing VM operation: Cleanup
Event: 3.738 Executing VM operation: Cleanup done
Event: 4.535 Executing VM operation: HandshakeAllThreads (Deoptimize)
Event: 4.535 Executing VM operation: HandshakeAllThreads (Deoptimize) done

Events (20 events):
Event: 0.023 Thread 0x0000017ed69ce770 Thread added: 0x0000017ed69ce770
Event: 0.039 Thread 0x0000017ef26e2b10 Thread added: 0x0000017ef26e2b10
Event: 0.039 Thread 0x0000017ef26e3be0 Thread added: 0x0000017ef26e3be0
Event: 0.039 Thread 0x0000017ef26e7f80 Thread added: 0x0000017ef26e7f80
Event: 0.039 Thread 0x0000017ef26eca00 Thread added: 0x0000017ef26eca00
Event: 0.039 Thread 0x0000017ef26eda40 Thread added: 0x0000017ef26eda40
Event: 0.040 Thread 0x0000017ef26ee4a0 Thread added: 0x0000017ef26ee4a0
Event: 0.040 Thread 0x0000017ef26f73f0 Thread added: 0x0000017ef26f73f0
Event: 0.040 Thread 0x0000017ef26fb6f0 Thread added: 0x0000017ef26fb6f0
Event: 0.061 Thread 0x0000017ef2962800 Thread added: 0x0000017ef2962800
Event: 0.063 Thread 0x0000017ef29658a0 Thread added: 0x0000017ef29658a0
Event: 0.525 Thread 0x0000017ef702f810 Thread added: 0x0000017ef702f810
Event: 1.098 Thread 0x0000017ef2cc5900 Thread added: 0x0000017ef2cc5900
Event: 1.684 Thread 0x0000017ef7e3d580 Thread added: 0x0000017ef7e3d580
Event: 1.696 Thread 0x0000017ef7d7cb30 Thread added: 0x0000017ef7d7cb30
Event: 1.698 Thread 0x0000017ef7d71bf0 Thread added: 0x0000017ef7d71bf0
Event: 1.700 Thread 0x0000017ef7d7cb30 Thread exited: 0x0000017ef7d7cb30
Event: 2.599 Thread 0x0000017ef702f810 Thread exited: 0x0000017ef702f810
Event: 4.494 Thread 0x0000017ef7e3d580 Thread exited: 0x0000017ef7e3d580
Event: 4.495 Thread 0x0000017ef7d71bf0 Thread exited: 0x0000017ef7d71bf0


Dynamic libraries:
0x00007ff6e3c20000 - 0x00007ff6e3c2e000 	C:\Program Files\Eclipse Adoptium\jdk-21.0.3.9-hotspot\bin\java.exe
0x00007fff85b50000 - 0x00007fff85d48000 	C:\Windows\SYSTEM32\ntdll.dll
0x00007fff85410000 - 0x00007fff854d2000 	C:\Windows\System32\KERNEL32.DLL
0x00007fff83270000 - 0x00007fff83566000 	C:\Windows\System32\KERNELBASE.dll
0x00007fff839c0000 - 0x00007fff83ac0000 	C:\Windows\System32\ucrtbase.dll
0x00007fff727f0000 - 0x00007fff72808000 	C:\Program Files\Eclipse Adoptium\jdk-21.0.3.9-hotspot\bin\jli.dll
0x00007fff80180000 - 0x00007fff8019b000 	C:\Program Files\Eclipse Adoptium\jdk-21.0.3.9-hotspot\bin\VCRUNTIME140.dll
0x00007fff84bd0000 - 0x00007fff84d6d000 	C:\Windows\System32\USER32.dll
0x00007fff83ac0000 - 0x00007fff83ae2000 	C:\Windows\System32\win32u.dll
0x00007fff84460000 - 0x00007fff8448b000 	C:\Windows\System32\GDI32.dll
0x00007fff838a0000 - 0x00007fff839b9000 	C:\Windows\System32\gdi32full.dll
0x00007fff71b70000 - 0x00007fff71e0a000 	C:\Windows\WinSxS\amd64_microsoft.windows.common-controls_6595b64144ccf1df_6.0.19041.5915_none_60b4b9d171f9c7c7\COMCTL32.dll
0x00007fff83800000 - 0x00007fff8389d000 	C:\Windows\System32\msvcp_win.dll
0x00007fff845d0000 - 0x00007fff8466e000 	C:\Windows\System32\msvcrt.dll
0x00007fff84d70000 - 0x00007fff84d9f000 	C:\Windows\System32\IMM32.DLL
0x00007fff80170000 - 0x00007fff8017c000 	C:\Program Files\Eclipse Adoptium\jdk-21.0.3.9-hotspot\bin\vcruntime140_1.dll
0x00007fff5bfc0000 - 0x00007fff5c04e000 	C:\Program Files\Eclipse Adoptium\jdk-21.0.3.9-hotspot\bin\msvcp140.dll
0x00007fff05760000 - 0x00007fff064e2000 	C:\Program Files\Eclipse Adoptium\jdk-21.0.3.9-hotspot\bin\server\jvm.dll
0x00007fff83b70000 - 0x00007fff83c21000 	C:\Windows\System32\ADVAPI32.dll
0x00007fff84720000 - 0x00007fff847bf000 	C:\Windows\System32\sechost.dll
0x00007fff859e0000 - 0x00007fff85b03000 	C:\Windows\System32\RPCRT4.dll
0x00007fff83570000 - 0x00007fff83597000 	C:\Windows\System32\bcrypt.dll
0x00007fff85970000 - 0x00007fff859db000 	C:\Windows\System32\WS2_32.dll
0x00007fff83040000 - 0x00007fff8308b000 	C:\Windows\SYSTEM32\POWRPROF.dll
0x00007fff7b500000 - 0x00007fff7b527000 	C:\Windows\SYSTEM32\WINMM.dll
0x00007fff7c3a0000 - 0x00007fff7c3aa000 	C:\Windows\SYSTEM32\VERSION.dll
0x00007fff83020000 - 0x00007fff83032000 	C:\Windows\SYSTEM32\UMPDC.dll
0x00007fff81040000 - 0x00007fff81052000 	C:\Windows\SYSTEM32\kernel.appcore.dll
0x00007fff755c0000 - 0x00007fff755ca000 	C:\Program Files\Eclipse Adoptium\jdk-21.0.3.9-hotspot\bin\jimage.dll
0x00007fff74190000 - 0x00007fff74391000 	C:\Windows\SYSTEM32\DBGHELP.DLL
0x00007fff6f830000 - 0x00007fff6f864000 	C:\Windows\SYSTEM32\dbgcore.DLL
0x00007fff831e0000 - 0x00007fff83262000 	C:\Windows\System32\bcryptPrimitives.dll
0x00007fff727d0000 - 0x00007fff727ef000 	C:\Program Files\Eclipse Adoptium\jdk-21.0.3.9-hotspot\bin\java.dll
0x00007fff83c40000 - 0x00007fff843ae000 	C:\Windows\System32\SHELL32.dll
0x00007fff81240000 - 0x00007fff819e4000 	C:\Windows\SYSTEM32\windows.storage.dll
0x00007fff855b0000 - 0x00007fff85903000 	C:\Windows\System32\combase.dll
0x00007fff82a60000 - 0x00007fff82a8b000 	C:\Windows\SYSTEM32\Wldp.dll
0x00007fff854e0000 - 0x00007fff855ad000 	C:\Windows\System32\OLEAUT32.dll
0x00007fff84670000 - 0x00007fff8471d000 	C:\Windows\System32\SHCORE.dll
0x00007fff85210000 - 0x00007fff8526b000 	C:\Windows\System32\shlwapi.dll
0x00007fff83110000 - 0x00007fff83134000 	C:\Windows\SYSTEM32\profapi.dll
0x00007fff56fc0000 - 0x00007fff57097000 	C:\Program Files\Eclipse Adoptium\jdk-21.0.3.9-hotspot\bin\jsvml.dll
0x00007fff72960000 - 0x00007fff72970000 	C:\Program Files\Eclipse Adoptium\jdk-21.0.3.9-hotspot\bin\net.dll
0x00007fff7f780000 - 0x00007fff7f88a000 	C:\Windows\SYSTEM32\WINHTTP.dll
0x00007fff82840000 - 0x00007fff828aa000 	C:\Windows\system32\mswsock.dll
0x00007fff6ee00000 - 0x00007fff6ee16000 	C:\Program Files\Eclipse Adoptium\jdk-21.0.3.9-hotspot\bin\nio.dll
0x00007fff6ee20000 - 0x00007fff6ee38000 	C:\Program Files\Eclipse Adoptium\jdk-21.0.3.9-hotspot\bin\zip.dll
0x00007fff727c0000 - 0x00007fff727d0000 	C:\Program Files\Eclipse Adoptium\jdk-21.0.3.9-hotspot\bin\verify.dll
0x00007fff707d0000 - 0x00007fff707da000 	C:\Program Files\Eclipse Adoptium\jdk-21.0.3.9-hotspot\bin\management.dll
0x00007fff618c0000 - 0x00007fff618cb000 	C:\Program Files\Eclipse Adoptium\jdk-21.0.3.9-hotspot\bin\management_ext.dll
0x00007fff83c30000 - 0x00007fff83c38000 	C:\Windows\System32\PSAPI.DLL
0x00007fff614e0000 - 0x00007fff61507000 	C:\Users\Admin\.gradle\native\1def1411415f61bf3af743bc5b6707747c0891f09f0c88961ee8f79bc544acac\windows-amd64\native-platform.dll
0x00007fff788f0000 - 0x00007fff788fa000 	C:\Users\Admin\.gradle\native\jansi\1.18\windows64\jansi.dll
0x00007fff82540000 - 0x00007fff8257b000 	C:\Windows\SYSTEM32\IPHLPAPI.DLL
0x00007fff84bc0000 - 0x00007fff84bc8000 	C:\Windows\System32\NSI.dll
0x00007fff618b0000 - 0x00007fff618b9000 	C:\Program Files\Eclipse Adoptium\jdk-21.0.3.9-hotspot\bin\extnet.dll
0x00007fff82aa0000 - 0x00007fff82ab8000 	C:\Windows\SYSTEM32\CRYPTSP.dll
0x00007fff82180000 - 0x00007fff821b8000 	C:\Windows\system32\rsaenh.dll
0x00007fff83090000 - 0x00007fff830be000 	C:\Windows\SYSTEM32\USERENV.dll
0x00007fff829d0000 - 0x00007fff829dc000 	C:\Windows\SYSTEM32\CRYPTBASE.dll
0x00007fff614d0000 - 0x00007fff614de000 	C:\Program Files\Eclipse Adoptium\jdk-21.0.3.9-hotspot\bin\sunmscapi.dll
0x00007fff835a0000 - 0x00007fff836fd000 	C:\Windows\System32\CRYPT32.dll
0x00007fff82bb0000 - 0x00007fff82bd7000 	C:\Windows\SYSTEM32\ncrypt.dll
0x00007fff82b50000 - 0x00007fff82b8b000 	C:\Windows\SYSTEM32\NTASN1.dll
0x00007fff79140000 - 0x00007fff79147000 	C:\Windows\system32\wshunix.dll

dbghelp: loaded successfully - version: 4.0.5 - missing functions: none
symbol engine: initialized successfully - sym options: 0x614 - pdb path: .;C:\Program Files\Eclipse Adoptium\jdk-21.0.3.9-hotspot\bin;C:\Windows\SYSTEM32;C:\Windows\WinSxS\amd64_microsoft.windows.common-controls_6595b64144ccf1df_6.0.19041.5915_none_60b4b9d171f9c7c7;C:\Program Files\Eclipse Adoptium\jdk-21.0.3.9-hotspot\bin\server;C:\Users\Admin\.gradle\native\1def1411415f61bf3af743bc5b6707747c0891f09f0c88961ee8f79bc544acac\windows-amd64;C:\Users\Admin\.gradle\native\jansi\1.18\windows64

VM Arguments:
jvm_args: -Xmx64m -Xms64m -Dorg.gradle.appname=gradlew 
java_command: org.gradle.wrapper.GradleWrapperMain clean
java_class_path (initial): D:\microservicio-user\microservicio-notificacion\\gradle\wrapper\gradle-wrapper.jar
Launcher Type: SUN_STANDARD

[Global flags]
     intx CICompilerCount                          = 3                                         {product} {ergonomic}
     uint ConcGCThreads                            = 1                                         {product} {ergonomic}
     uint G1ConcRefinementThreads                  = 4                                         {product} {ergonomic}
   size_t G1HeapRegionSize                         = 1048576                                   {product} {ergonomic}
    uintx GCDrainStackTargetSize                   = 64                                        {product} {ergonomic}
   size_t InitialHeapSize                          = 67108864                                  {product} {command line}
   size_t MarkStackSize                            = 4194304                                   {product} {ergonomic}
   size_t MaxHeapSize                              = 67108864                                  {product} {command line}
   size_t MaxNewSize                               = 39845888                                  {product} {ergonomic}
   size_t MinHeapDeltaBytes                        = 1048576                                   {product} {ergonomic}
   size_t MinHeapSize                              = 67108864                                  {product} {command line}
    uintx NonNMethodCodeHeapSize                   = 5832780                                {pd product} {ergonomic}
    uintx NonProfiledCodeHeapSize                  = 122912730                              {pd product} {ergonomic}
    uintx ProfiledCodeHeapSize                     = 122912730                              {pd product} {ergonomic}
    uintx ReservedCodeCacheSize                    = 251658240                              {pd product} {ergonomic}
     bool SegmentedCodeCache                       = true                                      {product} {ergonomic}
   size_t SoftMaxHeapSize                          = 67108864                               {manageable} {ergonomic}
     bool UseCompressedOops                        = true                           {product lp64_product} {ergonomic}
     bool UseG1GC                                  = true                                      {product} {ergonomic}
     bool UseLargePagesIndividualAllocation        = false                                  {pd product} {ergonomic}

Logging:
Log output configuration:
 #0: stdout all=warning uptime,level,tags foldmultilines=false
 #1: stderr all=off uptime,level,tags foldmultilines=false

Environment Variables:
CLASSPATH=D:\microservicio-user\microservicio-notificacion\\gradle\wrapper\gradle-wrapper.jar
PATH=C:\oraclexe\app\oracle\product\11.2.0\server\bin;;C:\Program Files\Eclipse Adoptium\jdk-21.0.3.9-hotspot\bin;C:\Windows\system32;C:\Windows;C:\Windows\System32\Wbem;C:\Windows\System32\WindowsPowerShell\v1.0\;C:\Windows\System32\OpenSSH\;C:\Program Files\dotnet\;C:\Program Files (x86)\Common Files\Acronis\VirtualFile\;C:\Program Files (x86)\Common Files\Acronis\VirtualFile64\;C:\Program Files (x86)\Common Files\Acronis\FileProtector\;C:\Program Files (x86)\Common Files\Acronis\FileProtector64\;C:\Program Files (x86)\Common Files\Acronis\SnapAPI\;C:\Program Files (x86)\ATI Technologies\ATI.ACE\Core-Static;C:\Program Files\Docker\Docker\resources\bin;C:\Program Files\Git\cmd;C:\Program Files (x86)\Microsoft SQL Server\160\Tools\Binn\;C:\Program Files\Microsoft SQL Server\160\Tools\Binn\;C:\Program Files\Microsoft SQL Server\Client SDK\ODBC\170\Tools\Binn\;C:\Program Files\Microsoft SQL Server\160\DTS\Binn\;C:\Program Files (x86)\Microsoft SQL Server\160\DTS\Binn\;C:\Program Files\Elixir\bin;C:\Program Files\Erlang OTP\bin;C:\Users\Admin\AppData\Local\Programs\Python\Launcher\;C:\Users\Admin\AppData\Local\Microsoft\WindowsApps;C:\Users\Admin\AppData\Local\Programs\Microsoft VS Code\bin;C:\apache-maven-3.9.8\bin;C:\Users\Admin\AppData\Local\Programs\Python\Python312;
USERNAME=Admin
OS=Windows_NT
PROCESSOR_IDENTIFIER=Intel64 Family 6 Model 58 Stepping 9, GenuineIntel
TMP=C:\Users\Admin\AppData\Local\Temp
TEMP=C:\Users\Admin\AppData\Local\Temp




Periodic native trim disabled

---------------  S Y S T E M  ---------------

OS:
 Windows 10 , 64 bit Build 19041 (10.0.19041.5915)
OS uptime: 0 days 1:51 hours
Hyper-V role detected

CPU: total 4 (initial active 4) (4 cores per cpu, 1 threads per core) family 6 model 58 stepping 9 microcode 0x21, cx8, cmov, fxsr, mmx, sse, sse2, sse3, ssse3, sse4.1, sse4.2, popcnt, tsc, tscinvbit, avx, aes, erms, clmul, vzeroupper, clflush, hv, rdtscp, f16c
Processor Information for all 4 processors :
  Max Mhz: 3201, Current Mhz: 3201, Mhz Limit: 3201

Memory: 4k page, system-wide physical 8146M (1181M free)
TotalPageFile size 11209M (AvailPageFile size 388M)
current process WorkingSet (physical memory assigned to process): 102M, peak: 105M
current process commit charge ("private bytes"): 162M, peak: 164M

vm_info: OpenJDK 64-Bit Server VM (21.0.3+9-LTS) for windows-amd64 JRE (21.0.3+9-LTS), built on 2024-04-16T00:00:00Z by "admin" with MS VC++ 17.7 (VS2022)

END.
