#
# There is insufficient memory for the Java Runtime Environment to continue.
# Native memory allocation (malloc) failed to allocate 1060944 bytes. Error detail: Chunk::new
# Possible reasons:
#   The system is out of physical RAM or swap space
#   This process is running with CompressedOops enabled, and the Java Heap may be blocking the growth of the native heap
# Possible solutions:
#   Reduce memory load on the system
#   Increase physical memory or swap space
#   Check if swap backing store is full
#   Decrease Java heap size (-Xmx/-Xms)
#   Decrease number of Java threads
#   Decrease Java thread stack sizes (-Xss)
#   Set larger code cache with -XX:ReservedCodeCacheSize=
#   JVM is running with Unscaled Compressed Oops mode in which the Java heap is
#     placed in the first 4GB address space. The Java Heap base address is the
#     maximum limit for the native heap growth. Please use -XX:HeapBaseMinAddress
#     to set the Java Heap base and to place the Java Heap above 4GB virtual address.
# This output file may be truncated or incomplete.
#
#  Out of Memory Error (arena.cpp:168), pid=14376, tid=1904
#
# JRE version: OpenJDK Runtime Environment Temurin-21.0.3+9 (21.0.3+9) (build 21.0.3+9-LTS)
# Java VM: OpenJDK 64-Bit Server VM Temurin-21.0.3+9 (21.0.3+9-LTS, mixed mode, sharing, tiered, compressed oops, compressed class ptrs, g1 gc, windows-amd64)
# No core dump will be written. Minidumps are not enabled by default on client versions of Windows
#

---------------  S U M M A R Y ------------

Command Line: --add-opens=java.base/java.lang=ALL-UNNAMED --add-opens=java.base/java.lang.invoke=ALL-UNNAMED --add-opens=java.base/java.util=ALL-UNNAMED --add-opens=java.prefs/java.util.prefs=ALL-UNNAMED --add-exports=jdk.compiler/com.sun.tools.javac.api=ALL-UNNAMED --add-exports=jdk.compiler/com.sun.tools.javac.util=ALL-UNNAMED --add-opens=java.base/java.util=ALL-UNNAMED --add-opens=java.prefs/java.util.prefs=ALL-UNNAMED --add-opens=java.base/java.nio.charset=ALL-UNNAMED --add-opens=java.base/java.net=ALL-UNNAMED --add-opens=java.base/java.util.concurrent.atomic=ALL-UNNAMED --add-opens=java.xml/javax.xml.namespace=ALL-UNNAMED -XX:MaxMetaspaceSize=384m -XX:+HeapDumpOnOutOfMemoryError -Xms256m -Xmx512m -Dfile.encoding=UTF-8 -Duser.country=CO -Duser.language=es -Duser.variant -javaagent:C:\Users\Admin\.gradle\wrapper\dists\gradle-8.13-bin\5xuhj0ry160q40clulazy9h7d\gradle-8.13\lib\agents\gradle-instrumentation-agent-8.13.jar org.gradle.launcher.daemon.bootstrap.GradleDaemon 8.13

Host: Intel(R) Core(TM) i5-3470 CPU @ 3.20GHz, 4 cores, 7G,  Windows 10 , 64 bit Build 19041 (10.0.19041.5915)
Time: Thu Nov 13 18:13:50 2025 Hora est. Pacífico, Sudamérica elapsed time: 11.760951 seconds (0d 0h 0m 11s)

---------------  T H R E A D  ---------------

Current thread (0x00000210c0179ca0):  JavaThread "C2 CompilerThread1" daemon [_thread_in_native, id=1904, stack(0x0000004e25200000,0x0000004e25300000) (1024K)]


Current CompileTask:
C2:  11761 4930       4       java.lang.invoke.InvokerBytecodeGenerator::addMethod (725 bytes)

Stack: [0x0000004e25200000,0x0000004e25300000]
Native frames: (J=compiled Java code, j=interpreted, Vv=VM code, C=native code)
V  [jvm.dll+0x6c8699]
V  [jvm.dll+0x8a2061]
V  [jvm.dll+0x8a458e]
V  [jvm.dll+0x8a4c63]
V  [jvm.dll+0x27e476]
V  [jvm.dll+0xc4a1d]
V  [jvm.dll+0xc4f53]
V  [jvm.dll+0x3b265c]
V  [jvm.dll+0x1df899]
V  [jvm.dll+0x246b12]
V  [jvm.dll+0x245f9f]
V  [jvm.dll+0x1c6f4e]
V  [jvm.dll+0x255719]
V  [jvm.dll+0x253cba]
V  [jvm.dll+0x3ec1e6]
V  [jvm.dll+0x84bf8b]
V  [jvm.dll+0x6c6dcd]
C  [ucrtbase.dll+0x21bb2]
C  [KERNEL32.DLL+0x17374]
C  [ntdll.dll+0x4cc91]


---------------  P R O C E S S  ---------------

Threads class SMR info:
_java_thread_list=0x00000210c0163860, length=36, elements={
0x0000021087db4c10, 0x00000210a44d28d0, 0x00000210a44d3fb0, 0x00000210a44da650,
0x00000210a44db6c0, 0x00000210a44dc3a0, 0x00000210a44dce00, 0x00000210a44ddb90,
0x00000210a44e1fa0, 0x00000210a449bdc0, 0x00000210a48fe890, 0x00000210bf5fc640,
0x00000210bf77b420, 0x00000210bf8fe6a0, 0x00000210bf71a750, 0x00000210bf730b00,
0x00000210bf748270, 0x00000210bf74b3b0, 0x00000210bfb14540, 0x00000210bfb13820,
0x00000210bfb158f0, 0x00000210bfb12470, 0x00000210bfb14bd0, 0x00000210bfb13eb0,
0x00000210bfb15260, 0x00000210bfb13190, 0x00000210c1090460, 0x00000210c1092bc0,
0x00000210c0179ca0, 0x00000210c1091180, 0x00000210c1094600, 0x00000210c1093f70,
0x00000210c1094c90, 0x00000210c1093250, 0x00000210c108fdd0, 0x00000210c1091810
}

Java Threads: ( => current thread )
  0x0000021087db4c10 JavaThread "main"                              [_thread_blocked, id=2064, stack(0x0000004e22c00000,0x0000004e22d00000) (1024K)]
  0x00000210a44d28d0 JavaThread "Reference Handler"          daemon [_thread_blocked, id=13356, stack(0x0000004e23400000,0x0000004e23500000) (1024K)]
  0x00000210a44d3fb0 JavaThread "Finalizer"                  daemon [_thread_blocked, id=7360, stack(0x0000004e23500000,0x0000004e23600000) (1024K)]
  0x00000210a44da650 JavaThread "Signal Dispatcher"          daemon [_thread_blocked, id=6792, stack(0x0000004e23600000,0x0000004e23700000) (1024K)]
  0x00000210a44db6c0 JavaThread "Attach Listener"            daemon [_thread_blocked, id=13616, stack(0x0000004e23700000,0x0000004e23800000) (1024K)]
  0x00000210a44dc3a0 JavaThread "Service Thread"             daemon [_thread_blocked, id=5648, stack(0x0000004e23800000,0x0000004e23900000) (1024K)]
  0x00000210a44dce00 JavaThread "Monitor Deflation Thread"   daemon [_thread_blocked, id=6924, stack(0x0000004e23900000,0x0000004e23a00000) (1024K)]
  0x00000210a44ddb90 JavaThread "C2 CompilerThread0"         daemon [_thread_in_native, id=14092, stack(0x0000004e23a00000,0x0000004e23b00000) (1024K)]
  0x00000210a44e1fa0 JavaThread "C1 CompilerThread0"         daemon [_thread_blocked, id=7868, stack(0x0000004e23b00000,0x0000004e23c00000) (1024K)]
  0x00000210a449bdc0 JavaThread "Common-Cleaner"             daemon [_thread_blocked, id=12520, stack(0x0000004e23c00000,0x0000004e23d00000) (1024K)]
  0x00000210a48fe890 JavaThread "Notification Thread"        daemon [_thread_blocked, id=10720, stack(0x0000004e23d00000,0x0000004e23e00000) (1024K)]
  0x00000210bf5fc640 JavaThread "Daemon health stats"               [_thread_blocked, id=14952, stack(0x0000004e24200000,0x0000004e24300000) (1024K)]
  0x00000210bf77b420 JavaThread "Incoming local TCP Connector on port 52074"        [_thread_in_native, id=10448, stack(0x0000004e24300000,0x0000004e24400000) (1024K)]
  0x00000210bf8fe6a0 JavaThread "Daemon periodic checks"            [_thread_blocked, id=7056, stack(0x0000004e24400000,0x0000004e24500000) (1024K)]
  0x00000210bf71a750 JavaThread "Daemon"                            [_thread_blocked, id=11200, stack(0x0000004e24500000,0x0000004e24600000) (1024K)]
  0x00000210bf730b00 JavaThread "Handler for socket connection from /127.0.0.1:52074 to /127.0.0.1:52075"        [_thread_in_native, id=3108, stack(0x0000004e24600000,0x0000004e24700000) (1024K)]
  0x00000210bf748270 JavaThread "Cancel handler"                    [_thread_blocked, id=11508, stack(0x0000004e24700000,0x0000004e24800000) (1024K)]
  0x00000210bf74b3b0 JavaThread "Daemon worker"                     [_thread_in_vm, id=8736, stack(0x0000004e24800000,0x0000004e24900000) (1024K)]
  0x00000210bfb14540 JavaThread "Asynchronous log dispatcher for DefaultDaemonConnection: socket connection from /127.0.0.1:52074 to /127.0.0.1:52075"        [_thread_blocked, id=8536, stack(0x0000004e24900000,0x0000004e24a00000) (1024K)]
  0x00000210bfb13820 JavaThread "Stdin handler"                     [_thread_blocked, id=10436, stack(0x0000004e24a00000,0x0000004e24b00000) (1024K)]
  0x00000210bfb158f0 JavaThread "Daemon client event forwarder"        [_thread_blocked, id=7656, stack(0x0000004e24b00000,0x0000004e24c00000) (1024K)]
  0x00000210bfb12470 JavaThread "Cache worker for journal cache (C:\Users\Admin\.gradle\caches\journal-1)"        [_thread_blocked, id=15256, stack(0x0000004e24c00000,0x0000004e24d00000) (1024K)]
  0x00000210bfb14bd0 JavaThread "File lock request listener"        [_thread_in_native, id=1252, stack(0x0000004e24d00000,0x0000004e24e00000) (1024K)]
  0x00000210bfb13eb0 JavaThread "Cache worker for file hash cache (C:\Users\Admin\.gradle\caches\8.13\fileHashes)"        [_thread_blocked, id=4736, stack(0x0000004e24e00000,0x0000004e24f00000) (1024K)]
  0x00000210bfb15260 JavaThread "Cache worker for file hash cache (D:\microservicio-user\microservicio-notificacion\.gradle\8.13\fileHashes)"        [_thread_blocked, id=12676, stack(0x0000004e24f00000,0x0000004e25000000) (1024K)]
  0x00000210bfb13190 JavaThread "Cache worker for Build Output Cleanup Cache (D:\microservicio-user\microservicio-notificacion\.gradle\buildOutputCleanup)"        [_thread_blocked, id=5388, stack(0x0000004e25000000,0x0000004e25100000) (1024K)]
  0x00000210c1090460 JavaThread "File watcher server"        daemon [_thread_in_native, id=14632, stack(0x0000004e24100000,0x0000004e24200000) (1024K)]
  0x00000210c1092bc0 JavaThread "File watcher consumer"      daemon [_thread_blocked, id=492, stack(0x0000004e25100000,0x0000004e25200000) (1024K)]
=>0x00000210c0179ca0 JavaThread "C2 CompilerThread1"         daemon [_thread_in_native, id=1904, stack(0x0000004e25200000,0x0000004e25300000) (1024K)]
  0x00000210c1091180 JavaThread "jar transforms"                    [_thread_blocked, id=5964, stack(0x0000004e25300000,0x0000004e25400000) (1024K)]
  0x00000210c1094600 JavaThread "jar transforms Thread 2"           [_thread_blocked, id=10484, stack(0x0000004e25400000,0x0000004e25500000) (1024K)]
  0x00000210c1093f70 JavaThread "Cache worker for checksums cache (D:\microservicio-user\microservicio-notificacion\.gradle\8.13\checksums)"        [_thread_blocked, id=4212, stack(0x0000004e25500000,0x0000004e25600000) (1024K)]
  0x00000210c1094c90 JavaThread "Cache worker for file content cache (C:\Users\Admin\.gradle\caches\8.13\fileContent)"        [_thread_blocked, id=12580, stack(0x0000004e25600000,0x0000004e25700000) (1024K)]
  0x00000210c1093250 JavaThread "Cache worker for cache directory md-supplier (C:\Users\Admin\.gradle\caches\8.13\md-supplier)"        [_thread_blocked, id=6820, stack(0x0000004e25700000,0x0000004e25800000) (1024K)]
  0x00000210c108fdd0 JavaThread "Cache worker for cache directory md-rule (C:\Users\Admin\.gradle\caches\8.13\md-rule)"        [_thread_blocked, id=14588, stack(0x0000004e25800000,0x0000004e25900000) (1024K)]
  0x00000210c1091810 JavaThread "jar transforms Thread 3"           [_thread_blocked, id=4308, stack(0x0000004e25900000,0x0000004e25a00000) (1024K)]
Total: 36

Other Threads:
  0x00000210a44b27a0 VMThread "VM Thread"                           [id=14824, stack(0x0000004e23300000,0x0000004e23400000) (1024K)]
  0x00000210a449b1d0 WatcherThread "VM Periodic Task Thread"        [id=6492, stack(0x0000004e23200000,0x0000004e23300000) (1024K)]
  0x0000021089f188a0 WorkerThread "GC Thread#0"                     [id=12696, stack(0x0000004e22d00000,0x0000004e22e00000) (1024K)]
  0x00000210a49099a0 WorkerThread "GC Thread#1"                     [id=9652, stack(0x0000004e23e00000,0x0000004e23f00000) (1024K)]
  0x00000210a4909d40 WorkerThread "GC Thread#2"                     [id=9012, stack(0x0000004e23f00000,0x0000004e24000000) (1024K)]
  0x00000210a490a0e0 WorkerThread "GC Thread#3"                     [id=6676, stack(0x0000004e24000000,0x0000004e24100000) (1024K)]
  0x0000021089f1d790 ConcurrentGCThread "G1 Main Marker"            [id=4948, stack(0x0000004e22e00000,0x0000004e22f00000) (1024K)]
  0x0000021089f1edb0 WorkerThread "G1 Conc#0"                       [id=6936, stack(0x0000004e22f00000,0x0000004e23000000) (1024K)]
  0x0000021089fbe760 ConcurrentGCThread "G1 Refine#0"               [id=2316, stack(0x0000004e23000000,0x0000004e23100000) (1024K)]
  0x00000210a436c520 ConcurrentGCThread "G1 Service"                [id=12848, stack(0x0000004e23100000,0x0000004e23200000) (1024K)]
Total: 10

Threads with active compile tasks:
C2 CompilerThread0    11828 4941       4       java.lang.String::split (148 bytes)
C1 CompilerThread0    11828 4996       3       org.gradle.internal.instantiation.generator.AbstractClassGenerator::inspectType (602 bytes)
C2 CompilerThread1    11828 4930       4       java.lang.invoke.InvokerBytecodeGenerator::addMethod (725 bytes)
Total: 3

VM state: not at safepoint (normal execution)

VM Mutex/Monitor currently owned by a thread: None

Heap address: 0x00000000e0000000, size: 512 MB, Compressed Oops mode: 32-bit

CDS archive(s) mapped at: [0x00000210a5000000-0x00000210a5c90000-0x00000210a5c90000), size 13172736, SharedBaseAddress: 0x00000210a5000000, ArchiveRelocationMode: 1.
Compressed class space mapped at: 0x00000210a6000000-0x00000210ba000000, reserved size: 335544320
Narrow klass base: 0x00000210a5000000, Narrow klass shift: 0, Narrow klass range: 0x100000000

GC Precious Log:
 CardTable entry size: 512
 Card Set container configuration: InlinePtr #cards 5 size 8 Array Of Cards #cards 12 size 40 Howl #buckets 4 coarsen threshold 1843 Howl Bitmap #cards 512 size 80 coarsen threshold 460 Card regions per heap region 1 cards per card region 2048
 CPUs: 4 total, 4 available
 Memory: 8146M
 Large Page Support: Disabled
 NUMA Support: Disabled
 Compressed Oops: Enabled (32-bit)
 Heap Region Size: 1M
 Heap Min Capacity: 256M
 Heap Initial Capacity: 256M
 Heap Max Capacity: 512M
 Pre-touch: Disabled
 Parallel Workers: 4
 Concurrent Workers: 1
 Concurrent Refinement Workers: 4
 Periodic GC: Disabled

Heap:
 garbage-first heap   total 262144K, used 131413K [0x00000000e0000000, 0x0000000100000000)
  region size 1024K, 101 young (103424K), 9 survivors (9216K)
 Metaspace       used 47125K, committed 48768K, reserved 393216K
  class space    used 6721K, committed 7552K, reserved 327680K

Heap Regions: E=young(eden), S=young(survivor), O=old, HS=humongous(starts), HC=humongous(continues), CS=collection set, F=free, TAMS=top-at-mark-start, PB=parsable bottom
|   0|0x00000000e0000000, 0x00000000e0100000, 0x00000000e0100000|100%|HS|  |TAMS 0x00000000e0000000| PB 0x00000000e0000000| Complete 
|   1|0x00000000e0100000, 0x00000000e0200000, 0x00000000e0200000|100%|HC|  |TAMS 0x00000000e0100000| PB 0x00000000e0100000| Complete 
|   2|0x00000000e0200000, 0x00000000e0300000, 0x00000000e0300000|100%|HC|  |TAMS 0x00000000e0200000| PB 0x00000000e0200000| Complete 
|   3|0x00000000e0300000, 0x00000000e0400000, 0x00000000e0400000|100%| O|  |TAMS 0x00000000e0300000| PB 0x00000000e0300000| Untracked 
|   4|0x00000000e0400000, 0x00000000e0500000, 0x00000000e0500000|100%|HS|  |TAMS 0x00000000e0400000| PB 0x00000000e0400000| Complete 
|   5|0x00000000e0500000, 0x00000000e0600000, 0x00000000e0600000|100%| O|  |TAMS 0x00000000e0500000| PB 0x00000000e0500000| Untracked 
|   6|0x00000000e0600000, 0x00000000e0700000, 0x00000000e0700000|100%| O|  |TAMS 0x00000000e0600000| PB 0x00000000e0600000| Untracked 
|   7|0x00000000e0700000, 0x00000000e0800000, 0x00000000e0800000|100%|HS|  |TAMS 0x00000000e0700000| PB 0x00000000e0700000| Complete 
|   8|0x00000000e0800000, 0x00000000e0900000, 0x00000000e0900000|100%| O|  |TAMS 0x00000000e0800000| PB 0x00000000e0800000| Untracked 
|   9|0x00000000e0900000, 0x00000000e0a00000, 0x00000000e0a00000|100%| O|  |TAMS 0x00000000e0900000| PB 0x00000000e0900000| Untracked 
|  10|0x00000000e0a00000, 0x00000000e0b00000, 0x00000000e0b00000|100%| O|  |TAMS 0x00000000e0a00000| PB 0x00000000e0a00000| Untracked 
|  11|0x00000000e0b00000, 0x00000000e0c00000, 0x00000000e0c00000|100%| O|  |TAMS 0x00000000e0b00000| PB 0x00000000e0b00000| Untracked 
|  12|0x00000000e0c00000, 0x00000000e0d00000, 0x00000000e0d00000|100%| O|  |TAMS 0x00000000e0c00000| PB 0x00000000e0c00000| Untracked 
|  13|0x00000000e0d00000, 0x00000000e0e00000, 0x00000000e0e00000|100%| O|  |TAMS 0x00000000e0d00000| PB 0x00000000e0d00000| Untracked 
|  14|0x00000000e0e00000, 0x00000000e0f00000, 0x00000000e0f00000|100%| O|  |TAMS 0x00000000e0e00000| PB 0x00000000e0e00000| Untracked 
|  15|0x00000000e0f00000, 0x00000000e1000000, 0x00000000e1000000|100%| O|  |TAMS 0x00000000e0f00000| PB 0x00000000e0f00000| Untracked 
|  16|0x00000000e1000000, 0x00000000e1100000, 0x00000000e1100000|100%| O|  |TAMS 0x00000000e1000000| PB 0x00000000e1000000| Untracked 
|  17|0x00000000e1100000, 0x00000000e1200000, 0x00000000e1200000|100%| O|  |TAMS 0x00000000e1100000| PB 0x00000000e1100000| Untracked 
|  18|0x00000000e1200000, 0x00000000e1300000, 0x00000000e1300000|100%| O|  |TAMS 0x00000000e1200000| PB 0x00000000e1200000| Untracked 
|  19|0x00000000e1300000, 0x00000000e1400000, 0x00000000e1400000|100%| O|  |TAMS 0x00000000e1300000| PB 0x00000000e1300000| Untracked 
|  20|0x00000000e1400000, 0x00000000e1500000, 0x00000000e1500000|100%| O|  |TAMS 0x00000000e1400000| PB 0x00000000e1400000| Untracked 
|  21|0x00000000e1500000, 0x00000000e1600000, 0x00000000e1600000|100%| O|  |TAMS 0x00000000e1500000| PB 0x00000000e1500000| Untracked 
|  22|0x00000000e1600000, 0x00000000e1700000, 0x00000000e1700000|100%| O|Cm|TAMS 0x00000000e1600000| PB 0x00000000e1600000| Complete 
|  23|0x00000000e1700000, 0x00000000e17f7768, 0x00000000e1800000| 96%| O|  |TAMS 0x00000000e1700000| PB 0x00000000e1700000| Untracked 
|  24|0x00000000e1800000, 0x00000000e1900000, 0x00000000e1900000|100%|HS|  |TAMS 0x00000000e1800000| PB 0x00000000e1800000| Complete 
|  25|0x00000000e1900000, 0x00000000e1a00000, 0x00000000e1a00000|100%|HS|  |TAMS 0x00000000e1900000| PB 0x00000000e1900000| Complete 
|  26|0x00000000e1a00000, 0x00000000e1b00000, 0x00000000e1b00000|100%|HS|  |TAMS 0x00000000e1a00000| PB 0x00000000e1a00000| Complete 
|  27|0x00000000e1b00000, 0x00000000e1c00000, 0x00000000e1c00000|100%|HC|  |TAMS 0x00000000e1b00000| PB 0x00000000e1b00000| Complete 
|  28|0x00000000e1c00000, 0x00000000e1d00000, 0x00000000e1d00000|100%|HS|  |TAMS 0x00000000e1c00000| PB 0x00000000e1c00000| Complete 
|  29|0x00000000e1d00000, 0x00000000e1e00000, 0x00000000e1e00000|100%|HC|  |TAMS 0x00000000e1d00000| PB 0x00000000e1d00000| Complete 
|  30|0x00000000e1e00000, 0x00000000e1e00000, 0x00000000e1f00000|  0%| F|  |TAMS 0x00000000e1e00000| PB 0x00000000e1e00000| Untracked 
|  31|0x00000000e1f00000, 0x00000000e1f00000, 0x00000000e2000000|  0%| F|  |TAMS 0x00000000e1f00000| PB 0x00000000e1f00000| Untracked 
|  32|0x00000000e2000000, 0x00000000e2000000, 0x00000000e2100000|  0%| F|  |TAMS 0x00000000e2000000| PB 0x00000000e2000000| Untracked 
|  33|0x00000000e2100000, 0x00000000e2100000, 0x00000000e2200000|  0%| F|  |TAMS 0x00000000e2100000| PB 0x00000000e2100000| Untracked 
|  34|0x00000000e2200000, 0x00000000e2200000, 0x00000000e2300000|  0%| F|  |TAMS 0x00000000e2200000| PB 0x00000000e2200000| Untracked 
|  35|0x00000000e2300000, 0x00000000e2300000, 0x00000000e2400000|  0%| F|  |TAMS 0x00000000e2300000| PB 0x00000000e2300000| Untracked 
|  36|0x00000000e2400000, 0x00000000e2400000, 0x00000000e2500000|  0%| F|  |TAMS 0x00000000e2400000| PB 0x00000000e2400000| Untracked 
|  37|0x00000000e2500000, 0x00000000e2500000, 0x00000000e2600000|  0%| F|  |TAMS 0x00000000e2500000| PB 0x00000000e2500000| Untracked 
|  38|0x00000000e2600000, 0x00000000e2600000, 0x00000000e2700000|  0%| F|  |TAMS 0x00000000e2600000| PB 0x00000000e2600000| Untracked 
|  39|0x00000000e2700000, 0x00000000e2700000, 0x00000000e2800000|  0%| F|  |TAMS 0x00000000e2700000| PB 0x00000000e2700000| Untracked 
|  40|0x00000000e2800000, 0x00000000e2800000, 0x00000000e2900000|  0%| F|  |TAMS 0x00000000e2800000| PB 0x00000000e2800000| Untracked 
|  41|0x00000000e2900000, 0x00000000e2900000, 0x00000000e2a00000|  0%| F|  |TAMS 0x00000000e2900000| PB 0x00000000e2900000| Untracked 
|  42|0x00000000e2a00000, 0x00000000e2a00000, 0x00000000e2b00000|  0%| F|  |TAMS 0x00000000e2a00000| PB 0x00000000e2a00000| Untracked 
|  43|0x00000000e2b00000, 0x00000000e2b00000, 0x00000000e2c00000|  0%| F|  |TAMS 0x00000000e2b00000| PB 0x00000000e2b00000| Untracked 
|  44|0x00000000e2c00000, 0x00000000e2c00000, 0x00000000e2d00000|  0%| F|  |TAMS 0x00000000e2c00000| PB 0x00000000e2c00000| Untracked 
|  45|0x00000000e2d00000, 0x00000000e2d00000, 0x00000000e2e00000|  0%| F|  |TAMS 0x00000000e2d00000| PB 0x00000000e2d00000| Untracked 
|  46|0x00000000e2e00000, 0x00000000e2e00000, 0x00000000e2f00000|  0%| F|  |TAMS 0x00000000e2e00000| PB 0x00000000e2e00000| Untracked 
|  47|0x00000000e2f00000, 0x00000000e2f00000, 0x00000000e3000000|  0%| F|  |TAMS 0x00000000e2f00000| PB 0x00000000e2f00000| Untracked 
|  48|0x00000000e3000000, 0x00000000e3000000, 0x00000000e3100000|  0%| F|  |TAMS 0x00000000e3000000| PB 0x00000000e3000000| Untracked 
|  49|0x00000000e3100000, 0x00000000e3100000, 0x00000000e3200000|  0%| F|  |TAMS 0x00000000e3100000| PB 0x00000000e3100000| Untracked 
|  50|0x00000000e3200000, 0x00000000e3200000, 0x00000000e3300000|  0%| F|  |TAMS 0x00000000e3200000| PB 0x00000000e3200000| Untracked 
|  51|0x00000000e3300000, 0x00000000e3300000, 0x00000000e3400000|  0%| F|  |TAMS 0x00000000e3300000| PB 0x00000000e3300000| Untracked 
|  52|0x00000000e3400000, 0x00000000e3400000, 0x00000000e3500000|  0%| F|  |TAMS 0x00000000e3400000| PB 0x00000000e3400000| Untracked 
|  53|0x00000000e3500000, 0x00000000e3500000, 0x00000000e3600000|  0%| F|  |TAMS 0x00000000e3500000| PB 0x00000000e3500000| Untracked 
|  54|0x00000000e3600000, 0x00000000e3600000, 0x00000000e3700000|  0%| F|  |TAMS 0x00000000e3600000| PB 0x00000000e3600000| Untracked 
|  55|0x00000000e3700000, 0x00000000e3700000, 0x00000000e3800000|  0%| F|  |TAMS 0x00000000e3700000| PB 0x00000000e3700000| Untracked 
|  56|0x00000000e3800000, 0x00000000e3800000, 0x00000000e3900000|  0%| F|  |TAMS 0x00000000e3800000| PB 0x00000000e3800000| Untracked 
|  57|0x00000000e3900000, 0x00000000e3900000, 0x00000000e3a00000|  0%| F|  |TAMS 0x00000000e3900000| PB 0x00000000e3900000| Untracked 
|  58|0x00000000e3a00000, 0x00000000e3a00000, 0x00000000e3b00000|  0%| F|  |TAMS 0x00000000e3a00000| PB 0x00000000e3a00000| Untracked 
|  59|0x00000000e3b00000, 0x00000000e3b00000, 0x00000000e3c00000|  0%| F|  |TAMS 0x00000000e3b00000| PB 0x00000000e3b00000| Untracked 
|  60|0x00000000e3c00000, 0x00000000e3c00000, 0x00000000e3d00000|  0%| F|  |TAMS 0x00000000e3c00000| PB 0x00000000e3c00000| Untracked 
|  61|0x00000000e3d00000, 0x00000000e3d00000, 0x00000000e3e00000|  0%| F|  |TAMS 0x00000000e3d00000| PB 0x00000000e3d00000| Untracked 
|  62|0x00000000e3e00000, 0x00000000e3e00000, 0x00000000e3f00000|  0%| F|  |TAMS 0x00000000e3e00000| PB 0x00000000e3e00000| Untracked 
|  63|0x00000000e3f00000, 0x00000000e3f00000, 0x00000000e4000000|  0%| F|  |TAMS 0x00000000e3f00000| PB 0x00000000e3f00000| Untracked 
|  64|0x00000000e4000000, 0x00000000e4000000, 0x00000000e4100000|  0%| F|  |TAMS 0x00000000e4000000| PB 0x00000000e4000000| Untracked 
|  65|0x00000000e4100000, 0x00000000e4100000, 0x00000000e4200000|  0%| F|  |TAMS 0x00000000e4100000| PB 0x00000000e4100000| Untracked 
|  66|0x00000000e4200000, 0x00000000e4200000, 0x00000000e4300000|  0%| F|  |TAMS 0x00000000e4200000| PB 0x00000000e4200000| Untracked 
|  67|0x00000000e4300000, 0x00000000e4300000, 0x00000000e4400000|  0%| F|  |TAMS 0x00000000e4300000| PB 0x00000000e4300000| Untracked 
|  68|0x00000000e4400000, 0x00000000e4400000, 0x00000000e4500000|  0%| F|  |TAMS 0x00000000e4400000| PB 0x00000000e4400000| Untracked 
|  69|0x00000000e4500000, 0x00000000e4500000, 0x00000000e4600000|  0%| F|  |TAMS 0x00000000e4500000| PB 0x00000000e4500000| Untracked 
|  70|0x00000000e4600000, 0x00000000e4600000, 0x00000000e4700000|  0%| F|  |TAMS 0x00000000e4600000| PB 0x00000000e4600000| Untracked 
|  71|0x00000000e4700000, 0x00000000e4700000, 0x00000000e4800000|  0%| F|  |TAMS 0x00000000e4700000| PB 0x00000000e4700000| Untracked 
|  72|0x00000000e4800000, 0x00000000e4800000, 0x00000000e4900000|  0%| F|  |TAMS 0x00000000e4800000| PB 0x00000000e4800000| Untracked 
|  73|0x00000000e4900000, 0x00000000e4900000, 0x00000000e4a00000|  0%| F|  |TAMS 0x00000000e4900000| PB 0x00000000e4900000| Untracked 
|  74|0x00000000e4a00000, 0x00000000e4a00000, 0x00000000e4b00000|  0%| F|  |TAMS 0x00000000e4a00000| PB 0x00000000e4a00000| Untracked 
|  75|0x00000000e4b00000, 0x00000000e4b00000, 0x00000000e4c00000|  0%| F|  |TAMS 0x00000000e4b00000| PB 0x00000000e4b00000| Untracked 
|  76|0x00000000e4c00000, 0x00000000e4c00000, 0x00000000e4d00000|  0%| F|  |TAMS 0x00000000e4c00000| PB 0x00000000e4c00000| Untracked 
|  77|0x00000000e4d00000, 0x00000000e4d00000, 0x00000000e4e00000|  0%| F|  |TAMS 0x00000000e4d00000| PB 0x00000000e4d00000| Untracked 
|  78|0x00000000e4e00000, 0x00000000e4e00000, 0x00000000e4f00000|  0%| F|  |TAMS 0x00000000e4e00000| PB 0x00000000e4e00000| Untracked 
|  79|0x00000000e4f00000, 0x00000000e4f00000, 0x00000000e5000000|  0%| F|  |TAMS 0x00000000e4f00000| PB 0x00000000e4f00000| Untracked 
|  80|0x00000000e5000000, 0x00000000e5000000, 0x00000000e5100000|  0%| F|  |TAMS 0x00000000e5000000| PB 0x00000000e5000000| Untracked 
|  81|0x00000000e5100000, 0x00000000e5100000, 0x00000000e5200000|  0%| F|  |TAMS 0x00000000e5100000| PB 0x00000000e5100000| Untracked 
|  82|0x00000000e5200000, 0x00000000e5200000, 0x00000000e5300000|  0%| F|  |TAMS 0x00000000e5200000| PB 0x00000000e5200000| Untracked 
|  83|0x00000000e5300000, 0x00000000e5300000, 0x00000000e5400000|  0%| F|  |TAMS 0x00000000e5300000| PB 0x00000000e5300000| Untracked 
|  84|0x00000000e5400000, 0x00000000e5400000, 0x00000000e5500000|  0%| F|  |TAMS 0x00000000e5400000| PB 0x00000000e5400000| Untracked 
|  85|0x00000000e5500000, 0x00000000e5500000, 0x00000000e5600000|  0%| F|  |TAMS 0x00000000e5500000| PB 0x00000000e5500000| Untracked 
|  86|0x00000000e5600000, 0x00000000e5600000, 0x00000000e5700000|  0%| F|  |TAMS 0x00000000e5600000| PB 0x00000000e5600000| Untracked 
|  87|0x00000000e5700000, 0x00000000e5700000, 0x00000000e5800000|  0%| F|  |TAMS 0x00000000e5700000| PB 0x00000000e5700000| Untracked 
|  88|0x00000000e5800000, 0x00000000e5800000, 0x00000000e5900000|  0%| F|  |TAMS 0x00000000e5800000| PB 0x00000000e5800000| Untracked 
|  89|0x00000000e5900000, 0x00000000e5900000, 0x00000000e5a00000|  0%| F|  |TAMS 0x00000000e5900000| PB 0x00000000e5900000| Untracked 
|  90|0x00000000e5a00000, 0x00000000e5a00000, 0x00000000e5b00000|  0%| F|  |TAMS 0x00000000e5a00000| PB 0x00000000e5a00000| Untracked 
|  91|0x00000000e5b00000, 0x00000000e5b00000, 0x00000000e5c00000|  0%| F|  |TAMS 0x00000000e5b00000| PB 0x00000000e5b00000| Untracked 
|  92|0x00000000e5c00000, 0x00000000e5c00000, 0x00000000e5d00000|  0%| F|  |TAMS 0x00000000e5c00000| PB 0x00000000e5c00000| Untracked 
|  93|0x00000000e5d00000, 0x00000000e5d00000, 0x00000000e5e00000|  0%| F|  |TAMS 0x00000000e5d00000| PB 0x00000000e5d00000| Untracked 
|  94|0x00000000e5e00000, 0x00000000e5e00000, 0x00000000e5f00000|  0%| F|  |TAMS 0x00000000e5e00000| PB 0x00000000e5e00000| Untracked 
|  95|0x00000000e5f00000, 0x00000000e5f00000, 0x00000000e6000000|  0%| F|  |TAMS 0x00000000e5f00000| PB 0x00000000e5f00000| Untracked 
|  96|0x00000000e6000000, 0x00000000e6000000, 0x00000000e6100000|  0%| F|  |TAMS 0x00000000e6000000| PB 0x00000000e6000000| Untracked 
|  97|0x00000000e6100000, 0x00000000e6100000, 0x00000000e6200000|  0%| F|  |TAMS 0x00000000e6100000| PB 0x00000000e6100000| Untracked 
|  98|0x00000000e6200000, 0x00000000e6200000, 0x00000000e6300000|  0%| F|  |TAMS 0x00000000e6200000| PB 0x00000000e6200000| Untracked 
|  99|0x00000000e6300000, 0x00000000e6300000, 0x00000000e6400000|  0%| F|  |TAMS 0x00000000e6300000| PB 0x00000000e6300000| Untracked 
| 100|0x00000000e6400000, 0x00000000e6400000, 0x00000000e6500000|  0%| F|  |TAMS 0x00000000e6400000| PB 0x00000000e6400000| Untracked 
| 101|0x00000000e6500000, 0x00000000e6500000, 0x00000000e6600000|  0%| F|  |TAMS 0x00000000e6500000| PB 0x00000000e6500000| Untracked 
| 102|0x00000000e6600000, 0x00000000e6600000, 0x00000000e6700000|  0%| F|  |TAMS 0x00000000e6600000| PB 0x00000000e6600000| Untracked 
| 103|0x00000000e6700000, 0x00000000e6700000, 0x00000000e6800000|  0%| F|  |TAMS 0x00000000e6700000| PB 0x00000000e6700000| Untracked 
| 104|0x00000000e6800000, 0x00000000e6800000, 0x00000000e6900000|  0%| F|  |TAMS 0x00000000e6800000| PB 0x00000000e6800000| Untracked 
| 105|0x00000000e6900000, 0x00000000e6900000, 0x00000000e6a00000|  0%| F|  |TAMS 0x00000000e6900000| PB 0x00000000e6900000| Untracked 
| 106|0x00000000e6a00000, 0x00000000e6a00000, 0x00000000e6b00000|  0%| F|  |TAMS 0x00000000e6a00000| PB 0x00000000e6a00000| Untracked 
| 107|0x00000000e6b00000, 0x00000000e6b00000, 0x00000000e6c00000|  0%| F|  |TAMS 0x00000000e6b00000| PB 0x00000000e6b00000| Untracked 
| 108|0x00000000e6c00000, 0x00000000e6c00000, 0x00000000e6d00000|  0%| F|  |TAMS 0x00000000e6c00000| PB 0x00000000e6c00000| Untracked 
| 109|0x00000000e6d00000, 0x00000000e6d00000, 0x00000000e6e00000|  0%| F|  |TAMS 0x00000000e6d00000| PB 0x00000000e6d00000| Untracked 
| 110|0x00000000e6e00000, 0x00000000e6e00000, 0x00000000e6f00000|  0%| F|  |TAMS 0x00000000e6e00000| PB 0x00000000e6e00000| Untracked 
| 111|0x00000000e6f00000, 0x00000000e6f00000, 0x00000000e7000000|  0%| F|  |TAMS 0x00000000e6f00000| PB 0x00000000e6f00000| Untracked 
| 112|0x00000000e7000000, 0x00000000e7000000, 0x00000000e7100000|  0%| F|  |TAMS 0x00000000e7000000| PB 0x00000000e7000000| Untracked 
| 113|0x00000000e7100000, 0x00000000e7100000, 0x00000000e7200000|  0%| F|  |TAMS 0x00000000e7100000| PB 0x00000000e7100000| Untracked 
| 114|0x00000000e7200000, 0x00000000e7200000, 0x00000000e7300000|  0%| F|  |TAMS 0x00000000e7200000| PB 0x00000000e7200000| Untracked 
| 115|0x00000000e7300000, 0x00000000e7300000, 0x00000000e7400000|  0%| F|  |TAMS 0x00000000e7300000| PB 0x00000000e7300000| Untracked 
| 116|0x00000000e7400000, 0x00000000e7400000, 0x00000000e7500000|  0%| F|  |TAMS 0x00000000e7400000| PB 0x00000000e7400000| Untracked 
| 117|0x00000000e7500000, 0x00000000e7500000, 0x00000000e7600000|  0%| F|  |TAMS 0x00000000e7500000| PB 0x00000000e7500000| Untracked 
| 118|0x00000000e7600000, 0x00000000e7600000, 0x00000000e7700000|  0%| F|  |TAMS 0x00000000e7600000| PB 0x00000000e7600000| Untracked 
| 119|0x00000000e7700000, 0x00000000e7700000, 0x00000000e7800000|  0%| F|  |TAMS 0x00000000e7700000| PB 0x00000000e7700000| Untracked 
| 120|0x00000000e7800000, 0x00000000e7800000, 0x00000000e7900000|  0%| F|  |TAMS 0x00000000e7800000| PB 0x00000000e7800000| Untracked 
| 121|0x00000000e7900000, 0x00000000e7900000, 0x00000000e7a00000|  0%| F|  |TAMS 0x00000000e7900000| PB 0x00000000e7900000| Untracked 
| 122|0x00000000e7a00000, 0x00000000e7a00000, 0x00000000e7b00000|  0%| F|  |TAMS 0x00000000e7a00000| PB 0x00000000e7a00000| Untracked 
| 123|0x00000000e7b00000, 0x00000000e7b00000, 0x00000000e7c00000|  0%| F|  |TAMS 0x00000000e7b00000| PB 0x00000000e7b00000| Untracked 
| 124|0x00000000e7c00000, 0x00000000e7c00000, 0x00000000e7d00000|  0%| F|  |TAMS 0x00000000e7c00000| PB 0x00000000e7c00000| Untracked 
| 125|0x00000000e7d00000, 0x00000000e7d00000, 0x00000000e7e00000|  0%| F|  |TAMS 0x00000000e7d00000| PB 0x00000000e7d00000| Untracked 
| 126|0x00000000e7e00000, 0x00000000e7e00000, 0x00000000e7f00000|  0%| F|  |TAMS 0x00000000e7e00000| PB 0x00000000e7e00000| Untracked 
| 127|0x00000000e7f00000, 0x00000000e7f00000, 0x00000000e8000000|  0%| F|  |TAMS 0x00000000e7f00000| PB 0x00000000e7f00000| Untracked 
| 128|0x00000000e8000000, 0x00000000e8000000, 0x00000000e8100000|  0%| F|  |TAMS 0x00000000e8000000| PB 0x00000000e8000000| Untracked 
| 129|0x00000000e8100000, 0x00000000e8100000, 0x00000000e8200000|  0%| F|  |TAMS 0x00000000e8100000| PB 0x00000000e8100000| Untracked 
| 130|0x00000000e8200000, 0x00000000e8200000, 0x00000000e8300000|  0%| F|  |TAMS 0x00000000e8200000| PB 0x00000000e8200000| Untracked 
| 131|0x00000000e8300000, 0x00000000e8300000, 0x00000000e8400000|  0%| F|  |TAMS 0x00000000e8300000| PB 0x00000000e8300000| Untracked 
| 132|0x00000000e8400000, 0x00000000e8400000, 0x00000000e8500000|  0%| F|  |TAMS 0x00000000e8400000| PB 0x00000000e8400000| Untracked 
| 133|0x00000000e8500000, 0x00000000e8500000, 0x00000000e8600000|  0%| F|  |TAMS 0x00000000e8500000| PB 0x00000000e8500000| Untracked 
| 134|0x00000000e8600000, 0x00000000e8600000, 0x00000000e8700000|  0%| F|  |TAMS 0x00000000e8600000| PB 0x00000000e8600000| Untracked 
| 135|0x00000000e8700000, 0x00000000e8700000, 0x00000000e8800000|  0%| F|  |TAMS 0x00000000e8700000| PB 0x00000000e8700000| Untracked 
| 136|0x00000000e8800000, 0x00000000e8800000, 0x00000000e8900000|  0%| F|  |TAMS 0x00000000e8800000| PB 0x00000000e8800000| Untracked 
| 137|0x00000000e8900000, 0x00000000e8900000, 0x00000000e8a00000|  0%| F|  |TAMS 0x00000000e8900000| PB 0x00000000e8900000| Untracked 
| 138|0x00000000e8a00000, 0x00000000e8a00000, 0x00000000e8b00000|  0%| F|  |TAMS 0x00000000e8a00000| PB 0x00000000e8a00000| Untracked 
| 139|0x00000000e8b00000, 0x00000000e8b00000, 0x00000000e8c00000|  0%| F|  |TAMS 0x00000000e8b00000| PB 0x00000000e8b00000| Untracked 
| 140|0x00000000e8c00000, 0x00000000e8c00000, 0x00000000e8d00000|  0%| F|  |TAMS 0x00000000e8c00000| PB 0x00000000e8c00000| Untracked 
| 141|0x00000000e8d00000, 0x00000000e8d00000, 0x00000000e8e00000|  0%| F|  |TAMS 0x00000000e8d00000| PB 0x00000000e8d00000| Untracked 
| 142|0x00000000e8e00000, 0x00000000e8e00000, 0x00000000e8f00000|  0%| F|  |TAMS 0x00000000e8e00000| PB 0x00000000e8e00000| Untracked 
| 143|0x00000000e8f00000, 0x00000000e8f00000, 0x00000000e9000000|  0%| F|  |TAMS 0x00000000e8f00000| PB 0x00000000e8f00000| Untracked 
| 144|0x00000000e9000000, 0x00000000e9000000, 0x00000000e9100000|  0%| F|  |TAMS 0x00000000e9000000| PB 0x00000000e9000000| Untracked 
| 145|0x00000000e9100000, 0x00000000e9100000, 0x00000000e9200000|  0%| F|  |TAMS 0x00000000e9100000| PB 0x00000000e9100000| Untracked 
| 146|0x00000000e9200000, 0x00000000e9200000, 0x00000000e9300000|  0%| F|  |TAMS 0x00000000e9200000| PB 0x00000000e9200000| Untracked 
| 147|0x00000000e9300000, 0x00000000e9300000, 0x00000000e9400000|  0%| F|  |TAMS 0x00000000e9300000| PB 0x00000000e9300000| Untracked 
| 148|0x00000000e9400000, 0x00000000e9400000, 0x00000000e9500000|  0%| F|  |TAMS 0x00000000e9400000| PB 0x00000000e9400000| Untracked 
| 149|0x00000000e9500000, 0x00000000e9500000, 0x00000000e9600000|  0%| F|  |TAMS 0x00000000e9500000| PB 0x00000000e9500000| Untracked 
| 150|0x00000000e9600000, 0x00000000e9600000, 0x00000000e9700000|  0%| F|  |TAMS 0x00000000e9600000| PB 0x00000000e9600000| Untracked 
| 151|0x00000000e9700000, 0x00000000e9700000, 0x00000000e9800000|  0%| F|  |TAMS 0x00000000e9700000| PB 0x00000000e9700000| Untracked 
| 152|0x00000000e9800000, 0x00000000e9800000, 0x00000000e9900000|  0%| F|  |TAMS 0x00000000e9800000| PB 0x00000000e9800000| Untracked 
| 153|0x00000000e9900000, 0x00000000e9900000, 0x00000000e9a00000|  0%| F|  |TAMS 0x00000000e9900000| PB 0x00000000e9900000| Untracked 
| 154|0x00000000e9a00000, 0x00000000e9a80800, 0x00000000e9b00000| 50%| E|  |TAMS 0x00000000e9a00000| PB 0x00000000e9a00000| Complete 
| 155|0x00000000e9b00000, 0x00000000e9c00000, 0x00000000e9c00000|100%| E|CS|TAMS 0x00000000e9b00000| PB 0x00000000e9b00000| Complete 
| 156|0x00000000e9c00000, 0x00000000e9d00000, 0x00000000e9d00000|100%| E|CS|TAMS 0x00000000e9c00000| PB 0x00000000e9c00000| Complete 
| 157|0x00000000e9d00000, 0x00000000e9e00000, 0x00000000e9e00000|100%| E|CS|TAMS 0x00000000e9d00000| PB 0x00000000e9d00000| Complete 
| 158|0x00000000e9e00000, 0x00000000e9f00000, 0x00000000e9f00000|100%| E|CS|TAMS 0x00000000e9e00000| PB 0x00000000e9e00000| Complete 
| 159|0x00000000e9f00000, 0x00000000ea000000, 0x00000000ea000000|100%| E|CS|TAMS 0x00000000e9f00000| PB 0x00000000e9f00000| Complete 
| 160|0x00000000ea000000, 0x00000000ea100000, 0x00000000ea100000|100%| E|CS|TAMS 0x00000000ea000000| PB 0x00000000ea000000| Complete 
| 161|0x00000000ea100000, 0x00000000ea200000, 0x00000000ea200000|100%| E|CS|TAMS 0x00000000ea100000| PB 0x00000000ea100000| Complete 
| 162|0x00000000ea200000, 0x00000000ea300000, 0x00000000ea300000|100%| E|CS|TAMS 0x00000000ea200000| PB 0x00000000ea200000| Complete 
| 163|0x00000000ea300000, 0x00000000ea400000, 0x00000000ea400000|100%| E|CS|TAMS 0x00000000ea300000| PB 0x00000000ea300000| Complete 
| 164|0x00000000ea400000, 0x00000000ea500000, 0x00000000ea500000|100%| E|CS|TAMS 0x00000000ea400000| PB 0x00000000ea400000| Complete 
| 165|0x00000000ea500000, 0x00000000ea600000, 0x00000000ea600000|100%| E|CS|TAMS 0x00000000ea500000| PB 0x00000000ea500000| Complete 
| 166|0x00000000ea600000, 0x00000000ea700000, 0x00000000ea700000|100%| E|CS|TAMS 0x00000000ea600000| PB 0x00000000ea600000| Complete 
| 167|0x00000000ea700000, 0x00000000ea800000, 0x00000000ea800000|100%| E|CS|TAMS 0x00000000ea700000| PB 0x00000000ea700000| Complete 
| 168|0x00000000ea800000, 0x00000000ea900000, 0x00000000ea900000|100%| E|CS|TAMS 0x00000000ea800000| PB 0x00000000ea800000| Complete 
| 169|0x00000000ea900000, 0x00000000eaa00000, 0x00000000eaa00000|100%| E|CS|TAMS 0x00000000ea900000| PB 0x00000000ea900000| Complete 
| 170|0x00000000eaa00000, 0x00000000eab00000, 0x00000000eab00000|100%| E|CS|TAMS 0x00000000eaa00000| PB 0x00000000eaa00000| Complete 
| 171|0x00000000eab00000, 0x00000000eac00000, 0x00000000eac00000|100%| E|CS|TAMS 0x00000000eab00000| PB 0x00000000eab00000| Complete 
| 172|0x00000000eac00000, 0x00000000ead00000, 0x00000000ead00000|100%| E|CS|TAMS 0x00000000eac00000| PB 0x00000000eac00000| Complete 
| 173|0x00000000ead00000, 0x00000000eae00000, 0x00000000eae00000|100%| E|CS|TAMS 0x00000000ead00000| PB 0x00000000ead00000| Complete 
| 174|0x00000000eae00000, 0x00000000eaf00000, 0x00000000eaf00000|100%| E|CS|TAMS 0x00000000eae00000| PB 0x00000000eae00000| Complete 
| 175|0x00000000eaf00000, 0x00000000eb000000, 0x00000000eb000000|100%| E|CS|TAMS 0x00000000eaf00000| PB 0x00000000eaf00000| Complete 
| 176|0x00000000eb000000, 0x00000000eb100000, 0x00000000eb100000|100%| E|CS|TAMS 0x00000000eb000000| PB 0x00000000eb000000| Complete 
| 177|0x00000000eb100000, 0x00000000eb200000, 0x00000000eb200000|100%| E|CS|TAMS 0x00000000eb100000| PB 0x00000000eb100000| Complete 
| 178|0x00000000eb200000, 0x00000000eb300000, 0x00000000eb300000|100%| E|CS|TAMS 0x00000000eb200000| PB 0x00000000eb200000| Complete 
| 179|0x00000000eb300000, 0x00000000eb400000, 0x00000000eb400000|100%| E|CS|TAMS 0x00000000eb300000| PB 0x00000000eb300000| Complete 
| 180|0x00000000eb400000, 0x00000000eb500000, 0x00000000eb500000|100%| E|CS|TAMS 0x00000000eb400000| PB 0x00000000eb400000| Complete 
| 181|0x00000000eb500000, 0x00000000eb600000, 0x00000000eb600000|100%| E|CS|TAMS 0x00000000eb500000| PB 0x00000000eb500000| Complete 
| 182|0x00000000eb600000, 0x00000000eb700000, 0x00000000eb700000|100%| E|CS|TAMS 0x00000000eb600000| PB 0x00000000eb600000| Complete 
| 183|0x00000000eb700000, 0x00000000eb800000, 0x00000000eb800000|100%| E|CS|TAMS 0x00000000eb700000| PB 0x00000000eb700000| Complete 
| 184|0x00000000eb800000, 0x00000000eb900000, 0x00000000eb900000|100%| E|CS|TAMS 0x00000000eb800000| PB 0x00000000eb800000| Complete 
| 185|0x00000000eb900000, 0x00000000eba00000, 0x00000000eba00000|100%| E|CS|TAMS 0x00000000eb900000| PB 0x00000000eb900000| Complete 
| 186|0x00000000eba00000, 0x00000000ebb00000, 0x00000000ebb00000|100%| E|CS|TAMS 0x00000000eba00000| PB 0x00000000eba00000| Complete 
| 187|0x00000000ebb00000, 0x00000000ebc00000, 0x00000000ebc00000|100%| E|CS|TAMS 0x00000000ebb00000| PB 0x00000000ebb00000| Complete 
| 188|0x00000000ebc00000, 0x00000000ebd00000, 0x00000000ebd00000|100%| E|CS|TAMS 0x00000000ebc00000| PB 0x00000000ebc00000| Complete 
| 189|0x00000000ebd00000, 0x00000000ebe00000, 0x00000000ebe00000|100%| E|CS|TAMS 0x00000000ebd00000| PB 0x00000000ebd00000| Complete 
| 190|0x00000000ebe00000, 0x00000000ebf00000, 0x00000000ebf00000|100%| E|CS|TAMS 0x00000000ebe00000| PB 0x00000000ebe00000| Complete 
| 191|0x00000000ebf00000, 0x00000000ec000000, 0x00000000ec000000|100%| E|CS|TAMS 0x00000000ebf00000| PB 0x00000000ebf00000| Complete 
| 192|0x00000000ec000000, 0x00000000ec100000, 0x00000000ec100000|100%| E|  |TAMS 0x00000000ec000000| PB 0x00000000ec000000| Complete 
| 193|0x00000000ec100000, 0x00000000ec200000, 0x00000000ec200000|100%| E|CS|TAMS 0x00000000ec100000| PB 0x00000000ec100000| Complete 
| 194|0x00000000ec200000, 0x00000000ec300000, 0x00000000ec300000|100%| E|CS|TAMS 0x00000000ec200000| PB 0x00000000ec200000| Complete 
| 195|0x00000000ec300000, 0x00000000ec400000, 0x00000000ec400000|100%| E|CS|TAMS 0x00000000ec300000| PB 0x00000000ec300000| Complete 
| 196|0x00000000ec400000, 0x00000000ec500000, 0x00000000ec500000|100%| E|CS|TAMS 0x00000000ec400000| PB 0x00000000ec400000| Complete 
| 197|0x00000000ec500000, 0x00000000ec600000, 0x00000000ec600000|100%| E|CS|TAMS 0x00000000ec500000| PB 0x00000000ec500000| Complete 
| 198|0x00000000ec600000, 0x00000000ec700000, 0x00000000ec700000|100%| E|CS|TAMS 0x00000000ec600000| PB 0x00000000ec600000| Complete 
| 199|0x00000000ec700000, 0x00000000ec800000, 0x00000000ec800000|100%| E|CS|TAMS 0x00000000ec700000| PB 0x00000000ec700000| Complete 
| 200|0x00000000ec800000, 0x00000000ec900000, 0x00000000ec900000|100%| E|CS|TAMS 0x00000000ec800000| PB 0x00000000ec800000| Complete 
| 201|0x00000000ec900000, 0x00000000eca00000, 0x00000000eca00000|100%| E|CS|TAMS 0x00000000ec900000| PB 0x00000000ec900000| Complete 
| 202|0x00000000eca00000, 0x00000000ecb00000, 0x00000000ecb00000|100%| E|CS|TAMS 0x00000000eca00000| PB 0x00000000eca00000| Complete 
| 203|0x00000000ecb00000, 0x00000000ecc00000, 0x00000000ecc00000|100%| E|CS|TAMS 0x00000000ecb00000| PB 0x00000000ecb00000| Complete 
| 204|0x00000000ecc00000, 0x00000000ecd00000, 0x00000000ecd00000|100%| E|CS|TAMS 0x00000000ecc00000| PB 0x00000000ecc00000| Complete 
| 205|0x00000000ecd00000, 0x00000000ece00000, 0x00000000ece00000|100%| E|CS|TAMS 0x00000000ecd00000| PB 0x00000000ecd00000| Complete 
| 206|0x00000000ece00000, 0x00000000ecf00000, 0x00000000ecf00000|100%| E|CS|TAMS 0x00000000ece00000| PB 0x00000000ece00000| Complete 
| 207|0x00000000ecf00000, 0x00000000ed000000, 0x00000000ed000000|100%| E|CS|TAMS 0x00000000ecf00000| PB 0x00000000ecf00000| Complete 
| 208|0x00000000ed000000, 0x00000000ed100000, 0x00000000ed100000|100%| E|CS|TAMS 0x00000000ed000000| PB 0x00000000ed000000| Complete 
| 209|0x00000000ed100000, 0x00000000ed200000, 0x00000000ed200000|100%| E|CS|TAMS 0x00000000ed100000| PB 0x00000000ed100000| Complete 
| 210|0x00000000ed200000, 0x00000000ed300000, 0x00000000ed300000|100%| E|CS|TAMS 0x00000000ed200000| PB 0x00000000ed200000| Complete 
| 211|0x00000000ed300000, 0x00000000ed400000, 0x00000000ed400000|100%| E|CS|TAMS 0x00000000ed300000| PB 0x00000000ed300000| Complete 
| 212|0x00000000ed400000, 0x00000000ed500000, 0x00000000ed500000|100%| E|CS|TAMS 0x00000000ed400000| PB 0x00000000ed400000| Complete 
| 213|0x00000000ed500000, 0x00000000ed600000, 0x00000000ed600000|100%| E|CS|TAMS 0x00000000ed500000| PB 0x00000000ed500000| Complete 
| 214|0x00000000ed600000, 0x00000000ed700000, 0x00000000ed700000|100%| E|CS|TAMS 0x00000000ed600000| PB 0x00000000ed600000| Complete 
| 215|0x00000000ed700000, 0x00000000ed800000, 0x00000000ed800000|100%| E|CS|TAMS 0x00000000ed700000| PB 0x00000000ed700000| Complete 
| 216|0x00000000ed800000, 0x00000000ed900000, 0x00000000ed900000|100%| E|CS|TAMS 0x00000000ed800000| PB 0x00000000ed800000| Complete 
| 217|0x00000000ed900000, 0x00000000eda00000, 0x00000000eda00000|100%| E|CS|TAMS 0x00000000ed900000| PB 0x00000000ed900000| Complete 
| 218|0x00000000eda00000, 0x00000000edb00000, 0x00000000edb00000|100%| E|CS|TAMS 0x00000000eda00000| PB 0x00000000eda00000| Complete 
| 219|0x00000000edb00000, 0x00000000edc00000, 0x00000000edc00000|100%| E|CS|TAMS 0x00000000edb00000| PB 0x00000000edb00000| Complete 
| 220|0x00000000edc00000, 0x00000000edd00000, 0x00000000edd00000|100%| E|CS|TAMS 0x00000000edc00000| PB 0x00000000edc00000| Complete 
| 221|0x00000000edd00000, 0x00000000ede00000, 0x00000000ede00000|100%| E|CS|TAMS 0x00000000edd00000| PB 0x00000000edd00000| Complete 
| 222|0x00000000ede00000, 0x00000000edf00000, 0x00000000edf00000|100%| E|CS|TAMS 0x00000000ede00000| PB 0x00000000ede00000| Complete 
| 223|0x00000000edf00000, 0x00000000ee000000, 0x00000000ee000000|100%| E|CS|TAMS 0x00000000edf00000| PB 0x00000000edf00000| Complete 
| 224|0x00000000ee000000, 0x00000000ee100000, 0x00000000ee100000|100%| E|CS|TAMS 0x00000000ee000000| PB 0x00000000ee000000| Complete 
| 225|0x00000000ee100000, 0x00000000ee200000, 0x00000000ee200000|100%| E|CS|TAMS 0x00000000ee100000| PB 0x00000000ee100000| Complete 
| 226|0x00000000ee200000, 0x00000000ee300000, 0x00000000ee300000|100%| E|CS|TAMS 0x00000000ee200000| PB 0x00000000ee200000| Complete 
| 227|0x00000000ee300000, 0x00000000ee400000, 0x00000000ee400000|100%| E|CS|TAMS 0x00000000ee300000| PB 0x00000000ee300000| Complete 
| 228|0x00000000ee400000, 0x00000000ee500000, 0x00000000ee500000|100%| E|CS|TAMS 0x00000000ee400000| PB 0x00000000ee400000| Complete 
| 229|0x00000000ee500000, 0x00000000ee600000, 0x00000000ee600000|100%| E|CS|TAMS 0x00000000ee500000| PB 0x00000000ee500000| Complete 
| 230|0x00000000ee600000, 0x00000000ee700000, 0x00000000ee700000|100%| E|CS|TAMS 0x00000000ee600000| PB 0x00000000ee600000| Complete 
| 231|0x00000000ee700000, 0x00000000ee800000, 0x00000000ee800000|100%| E|CS|TAMS 0x00000000ee700000| PB 0x00000000ee700000| Complete 
| 232|0x00000000ee800000, 0x00000000ee900000, 0x00000000ee900000|100%| E|CS|TAMS 0x00000000ee800000| PB 0x00000000ee800000| Complete 
| 233|0x00000000ee900000, 0x00000000eea00000, 0x00000000eea00000|100%| E|CS|TAMS 0x00000000ee900000| PB 0x00000000ee900000| Complete 
| 234|0x00000000eea00000, 0x00000000eea5ddc8, 0x00000000eeb00000| 36%| S|CS|TAMS 0x00000000eea00000| PB 0x00000000eea00000| Complete 
| 235|0x00000000eeb00000, 0x00000000eec00000, 0x00000000eec00000|100%| S|CS|TAMS 0x00000000eeb00000| PB 0x00000000eeb00000| Complete 
| 236|0x00000000eec00000, 0x00000000eed00000, 0x00000000eed00000|100%| S|CS|TAMS 0x00000000eec00000| PB 0x00000000eec00000| Complete 
| 237|0x00000000eed00000, 0x00000000eee00000, 0x00000000eee00000|100%| S|CS|TAMS 0x00000000eed00000| PB 0x00000000eed00000| Complete 
| 238|0x00000000eee00000, 0x00000000eef00000, 0x00000000eef00000|100%| S|CS|TAMS 0x00000000eee00000| PB 0x00000000eee00000| Complete 
| 239|0x00000000eef00000, 0x00000000ef000000, 0x00000000ef000000|100%| S|CS|TAMS 0x00000000eef00000| PB 0x00000000eef00000| Complete 
| 240|0x00000000ef000000, 0x00000000ef100000, 0x00000000ef100000|100%| S|CS|TAMS 0x00000000ef000000| PB 0x00000000ef000000| Complete 
| 241|0x00000000ef100000, 0x00000000ef200000, 0x00000000ef200000|100%| S|CS|TAMS 0x00000000ef100000| PB 0x00000000ef100000| Complete 
| 242|0x00000000ef200000, 0x00000000ef300000, 0x00000000ef300000|100%| S|CS|TAMS 0x00000000ef200000| PB 0x00000000ef200000| Complete 
| 243|0x00000000ef300000, 0x00000000ef400000, 0x00000000ef400000|100%| E|CS|TAMS 0x00000000ef300000| PB 0x00000000ef300000| Complete 
| 244|0x00000000ef400000, 0x00000000ef500000, 0x00000000ef500000|100%| E|CS|TAMS 0x00000000ef400000| PB 0x00000000ef400000| Complete 
| 245|0x00000000ef500000, 0x00000000ef600000, 0x00000000ef600000|100%| E|CS|TAMS 0x00000000ef500000| PB 0x00000000ef500000| Complete 
| 246|0x00000000ef600000, 0x00000000ef700000, 0x00000000ef700000|100%| E|CS|TAMS 0x00000000ef600000| PB 0x00000000ef600000| Complete 
| 247|0x00000000ef700000, 0x00000000ef800000, 0x00000000ef800000|100%| E|CS|TAMS 0x00000000ef700000| PB 0x00000000ef700000| Complete 
| 248|0x00000000ef800000, 0x00000000ef900000, 0x00000000ef900000|100%| E|CS|TAMS 0x00000000ef800000| PB 0x00000000ef800000| Complete 
| 249|0x00000000ef900000, 0x00000000efa00000, 0x00000000efa00000|100%| E|CS|TAMS 0x00000000ef900000| PB 0x00000000ef900000| Complete 
| 250|0x00000000efa00000, 0x00000000efb00000, 0x00000000efb00000|100%| E|CS|TAMS 0x00000000efa00000| PB 0x00000000efa00000| Complete 
| 251|0x00000000efb00000, 0x00000000efc00000, 0x00000000efc00000|100%| E|CS|TAMS 0x00000000efb00000| PB 0x00000000efb00000| Complete 
| 252|0x00000000efc00000, 0x00000000efd00000, 0x00000000efd00000|100%| E|CS|TAMS 0x00000000efc00000| PB 0x00000000efc00000| Complete 
| 253|0x00000000efd00000, 0x00000000efe00000, 0x00000000efe00000|100%| E|CS|TAMS 0x00000000efd00000| PB 0x00000000efd00000| Complete 
| 254|0x00000000efe00000, 0x00000000eff00000, 0x00000000eff00000|100%| E|CS|TAMS 0x00000000efe00000| PB 0x00000000efe00000| Complete 
| 255|0x00000000eff00000, 0x00000000f0000000, 0x00000000f0000000|100%| E|CS|TAMS 0x00000000eff00000| PB 0x00000000eff00000| Complete 

Card table byte_map: [0x00000210a15d0000,0x00000210a16d0000] _byte_map_base: 0x00000210a0ed0000

Marking Bits: (CMBitMap*) 0x0000021089f18eb0
 Bits: [0x00000210a16d0000, 0x00000210a1ed0000)

Polling page: 0x00000210896c0000

Metaspace:

Usage:
  Non-class:     39.52 MB used.
      Class:      6.58 MB used.
       Both:     46.11 MB used.

Virtual space:
  Non-class space:       64.00 MB reserved,      40.31 MB ( 63%) committed,  1 nodes.
      Class space:      320.00 MB reserved,       7.38 MB (  2%) committed,  1 nodes.
             Both:      384.00 MB reserved,      47.69 MB ( 12%) committed. 

Chunk freelists:
   Non-Class:  7.38 MB
       Class:  8.45 MB
        Both:  15.83 MB

MaxMetaspaceSize: 384.00 MB
CompressedClassSpaceSize: 320.00 MB
Initial GC threshold: 21.00 MB
Current GC threshold: 59.81 MB
CDS: on
 - commit_granule_bytes: 65536.
 - commit_granule_words: 8192.
 - virtual_space_node_default_size: 8388608.
 - enlarge_chunks_in_place: 1.
 - use_allocation_guard: 0.


Internal statistics:

num_allocs_failed_limit: 12.
num_arena_births: 3010.
num_arena_deaths: 0.
num_vsnodes_births: 2.
num_vsnodes_deaths: 0.
num_space_committed: 763.
num_space_uncommitted: 0.
num_chunks_returned_to_freelist: 12.
num_chunks_taken_from_freelist: 5229.
num_chunk_merges: 12.
num_chunk_splits: 3398.
num_chunks_enlarged: 2078.
num_inconsistent_stats: 0.

CodeHeap 'non-profiled nmethods': size=120000Kb used=2806Kb max_used=2806Kb free=117194Kb
 bounds [0x000002109a0a0000, 0x000002109a360000, 0x00000210a15d0000]
CodeHeap 'profiled nmethods': size=120000Kb used=8887Kb max_used=8920Kb free=111113Kb
 bounds [0x00000210925d0000, 0x0000021092ec0000, 0x0000021099b00000]
CodeHeap 'non-nmethods': size=5760Kb used=2723Kb max_used=2730Kb free=3036Kb
 bounds [0x0000021099b00000, 0x0000021099dc0000, 0x000002109a0a0000]
 total_blobs=5341 nmethods=4484 adapters=761
 compilation: enabled
              stopped_count=0, restarted_count=0
 full_count=0

Compilation events (20 events):
Event: 11.703 Thread 0x00000210a44e1fa0 4954       3       com.google.common.collect.ImmutableSet$Builder::copyIfNecessary (17 bytes)
Event: 11.703 Thread 0x00000210a44e1fa0 nmethod 4954 0x0000021092628f10 code [0x00000210926290c0, 0x00000210926292d8]
Event: 11.711 Thread 0x00000210a44e1fa0 4955       1       org.gradle.api.internal.attributes.DefaultImmutableAttributesContainer::hashCode (5 bytes)
Event: 11.711 Thread 0x00000210a44e1fa0 nmethod 4955 0x000002109a35b110 code [0x000002109a35b2a0, 0x000002109a35b368]
Event: 11.712 Thread 0x00000210a44e1fa0 4956       1       com.google.common.cache.LocalCache$StrongEntry::getHash (5 bytes)
Event: 11.712 Thread 0x00000210a44e1fa0 nmethod 4956 0x000002109a35b410 code [0x000002109a35b5a0, 0x000002109a35b668]
Event: 11.712 Thread 0x00000210a44e1fa0 4957       1       com.google.common.cache.LocalCache$2::offer (2 bytes)
Event: 11.712 Thread 0x00000210a44e1fa0 nmethod 4957 0x000002109a35b710 code [0x000002109a35b8a0, 0x000002109a35b968]
Event: 11.713 Thread 0x00000210a44e1fa0 4958       1       sun.reflect.generics.reflectiveObjects.LazyReflectiveObjectGenerator::getFactory (5 bytes)
Event: 11.713 Thread 0x00000210a44e1fa0 nmethod 4958 0x000002109a35ba10 code [0x000002109a35bba0, 0x000002109a35bc68]
Event: 11.714 Thread 0x00000210a44e1fa0 4959       3       java.lang.Integer::numberOfTrailingZeros (80 bytes)
Event: 11.714 Thread 0x00000210a44e1fa0 nmethod 4959 0x0000021092618410 code [0x00000210926185c0, 0x0000021092618818]
Event: 11.714 Thread 0x00000210a44e1fa0 4960 %     3       org.gradle.internal.instantiation.generator.AbstractClassGenerator::inspectType @ 559 (602 bytes)
Event: 11.717 Thread 0x00000210a44e1fa0 nmethod 4960% 0x0000021092ea1510 code [0x0000021092ea1da0, 0x0000021092ea74a0]
Event: 11.717 Thread 0x00000210a44e1fa0 4962       3       sun.invoke.util.Wrapper::isDoubleWord (15 bytes)
Event: 11.717 Thread 0x00000210a44e1fa0 nmethod 4962 0x0000021092618090 code [0x0000021092618220, 0x0000021092618388]
Event: 11.754 Thread 0x00000210a44e1fa0 4966       3       com.google.common.collect.Iterators::singletonIterator (9 bytes)
Event: 11.755 Thread 0x00000210a44e1fa0 nmethod 4966 0x0000021092617b10 code [0x0000021092617cc0, 0x0000021092617f80]
Event: 11.755 Thread 0x00000210a44e1fa0 4967       3       com.google.common.collect.Iterators$9::<init> (10 bytes)
Event: 11.755 Thread 0x00000210a44e1fa0 nmethod 4967 0x0000021092617610 code [0x00000210926177c0, 0x00000210926179e0]

GC Heap History (14 events):
Event: 0.370 GC heap before
{Heap before GC invocations=0 (full 0):
 garbage-first heap   total 262144K, used 13312K [0x00000000e0000000, 0x0000000100000000)
  region size 1024K, 13 young (13312K), 0 survivors (0K)
 Metaspace       used 792K, committed 960K, reserved 393216K
  class space    used 67K, committed 128K, reserved 327680K
}
Event: 0.373 GC heap after
{Heap after GC invocations=1 (full 0):
 garbage-first heap   total 262144K, used 1280K [0x00000000e0000000, 0x0000000100000000)
  region size 1024K, 2 young (2048K), 2 survivors (2048K)
 Metaspace       used 792K, committed 960K, reserved 393216K
  class space    used 67K, committed 128K, reserved 327680K
}
Event: 1.078 GC heap before
{Heap before GC invocations=1 (full 0):
 garbage-first heap   total 262144K, used 28928K [0x00000000e0000000, 0x0000000100000000)
  region size 1024K, 27 young (27648K), 2 survivors (2048K)
 Metaspace       used 3596K, committed 3776K, reserved 393216K
  class space    used 456K, committed 512K, reserved 327680K
}
Event: 1.082 GC heap after
{Heap after GC invocations=2 (full 0):
 garbage-first heap   total 262144K, used 10802K [0x00000000e0000000, 0x0000000100000000)
  region size 1024K, 4 young (4096K), 4 survivors (4096K)
 Metaspace       used 3596K, committed 3776K, reserved 393216K
  class space    used 456K, committed 512K, reserved 327680K
}
Event: 4.426 GC heap before
{Heap before GC invocations=2 (full 0):
 garbage-first heap   total 262144K, used 164402K [0x00000000e0000000, 0x0000000100000000)
  region size 1024K, 153 young (156672K), 4 survivors (4096K)
 Metaspace       used 20693K, committed 21312K, reserved 393216K
  class space    used 2979K, committed 3264K, reserved 327680K
}
Event: 4.442 GC heap after
{Heap after GC invocations=3 (full 0):
 garbage-first heap   total 262144K, used 23888K [0x00000000e0000000, 0x0000000100000000)
  region size 1024K, 16 young (16384K), 16 survivors (16384K)
 Metaspace       used 20693K, committed 21312K, reserved 393216K
  class space    used 2979K, committed 3264K, reserved 327680K
}
Event: 4.469 GC heap before
{Heap before GC invocations=3 (full 0):
 garbage-first heap   total 262144K, used 25936K [0x00000000e0000000, 0x0000000100000000)
  region size 1024K, 19 young (19456K), 16 survivors (16384K)
 Metaspace       used 20850K, committed 21504K, reserved 393216K
  class space    used 3006K, committed 3328K, reserved 327680K
}
Event: 4.480 GC heap after
{Heap after GC invocations=4 (full 0):
 garbage-first heap   total 262144K, used 25496K [0x00000000e0000000, 0x0000000100000000)
  region size 1024K, 2 young (2048K), 2 survivors (2048K)
 Metaspace       used 20850K, committed 21504K, reserved 393216K
  class space    used 3006K, committed 3328K, reserved 327680K
}
Event: 10.215 GC heap before
{Heap before GC invocations=5 (full 0):
 garbage-first heap   total 262144K, used 131992K [0x00000000e0000000, 0x0000000100000000)
  region size 1024K, 108 young (110592K), 2 survivors (2048K)
 Metaspace       used 34865K, committed 35968K, reserved 393216K
  class space    used 4946K, committed 5504K, reserved 327680K
}
Event: 10.223 GC heap after
{Heap after GC invocations=6 (full 0):
 garbage-first heap   total 262144K, used 32117K [0x00000000e0000000, 0x0000000100000000)
  region size 1024K, 9 young (9216K), 9 survivors (9216K)
 Metaspace       used 34865K, committed 35968K, reserved 393216K
  class space    used 4946K, committed 5504K, reserved 327680K
}
Event: 10.261 GC heap before
{Heap before GC invocations=6 (full 0):
 garbage-first heap   total 262144K, used 35189K [0x00000000e0000000, 0x0000000100000000)
  region size 1024K, 13 young (13312K), 9 survivors (9216K)
 Metaspace       used 35165K, committed 36288K, reserved 393216K
  class space    used 4988K, committed 5568K, reserved 327680K
}
Event: 10.269 GC heap after
{Heap after GC invocations=7 (full 0):
 garbage-first heap   total 262144K, used 32221K [0x00000000e0000000, 0x0000000100000000)
  region size 1024K, 9 young (9216K), 9 survivors (9216K)
 Metaspace       used 35165K, committed 36288K, reserved 393216K
  class space    used 4988K, committed 5568K, reserved 327680K
}
Event: 10.312 GC heap before
{Heap before GC invocations=7 (full 0):
 garbage-first heap   total 262144K, used 35293K [0x00000000e0000000, 0x0000000100000000)
  region size 1024K, 13 young (13312K), 9 survivors (9216K)
 Metaspace       used 35477K, committed 36608K, reserved 393216K
  class space    used 5049K, committed 5632K, reserved 327680K
}
Event: 10.318 GC heap after
{Heap after GC invocations=8 (full 0):
 garbage-first heap   total 262144K, used 32085K [0x00000000e0000000, 0x0000000100000000)
  region size 1024K, 9 young (9216K), 9 survivors (9216K)
 Metaspace       used 35477K, committed 36608K, reserved 393216K
  class space    used 5049K, committed 5632K, reserved 327680K
}

Dll operation events (15 events):
Event: 0.009 Loaded shared library C:\Program Files\Eclipse Adoptium\jdk-21.0.3.9-hotspot\bin\java.dll
Event: 0.052 Loaded shared library C:\Program Files\Eclipse Adoptium\jdk-21.0.3.9-hotspot\bin\jsvml.dll
Event: 0.099 Loaded shared library C:\Program Files\Eclipse Adoptium\jdk-21.0.3.9-hotspot\bin\zip.dll
Event: 0.103 Loaded shared library C:\Program Files\Eclipse Adoptium\jdk-21.0.3.9-hotspot\bin\instrument.dll
Event: 0.107 Loaded shared library C:\Program Files\Eclipse Adoptium\jdk-21.0.3.9-hotspot\bin\net.dll
Event: 0.109 Loaded shared library C:\Program Files\Eclipse Adoptium\jdk-21.0.3.9-hotspot\bin\nio.dll
Event: 0.112 Loaded shared library C:\Program Files\Eclipse Adoptium\jdk-21.0.3.9-hotspot\bin\zip.dll
Event: 0.474 Loaded shared library C:\Program Files\Eclipse Adoptium\jdk-21.0.3.9-hotspot\bin\jimage.dll
Event: 0.735 Loaded shared library C:\Program Files\Eclipse Adoptium\jdk-21.0.3.9-hotspot\bin\verify.dll
Event: 0.833 Loaded shared library C:\Users\Admin\.gradle\native\1def1411415f61bf3af743bc5b6707747c0891f09f0c88961ee8f79bc544acac\windows-amd64\native-platform.dll
Event: 0.845 Loaded shared library C:\Users\Admin\.gradle\native\0.2.7\x86_64-windows-gnu\gradle-fileevents.dll
Event: 2.484 Loaded shared library C:\Program Files\Eclipse Adoptium\jdk-21.0.3.9-hotspot\bin\management.dll
Event: 2.486 Loaded shared library C:\Program Files\Eclipse Adoptium\jdk-21.0.3.9-hotspot\bin\management_ext.dll
Event: 2.641 Loaded shared library C:\Program Files\Eclipse Adoptium\jdk-21.0.3.9-hotspot\bin\extnet.dll
Event: 2.883 Loaded shared library C:\Program Files\Eclipse Adoptium\jdk-21.0.3.9-hotspot\bin\sunmscapi.dll

Deoptimization events (20 events):
Event: 11.254 Thread 0x00000210bf74b3b0 DEOPT PACKING pc=0x000002109a2784c8 sp=0x0000004e248f83b0
Event: 11.254 Thread 0x00000210bf74b3b0 DEOPT UNPACKING pc=0x0000021099b546a2 sp=0x0000004e248f8358 mode 2
Event: 11.261 Thread 0x00000210bf74b3b0 Uncommon trap: trap_request=0xffffffc6 fr.pc=0x000002109a2784c8 relative=0x00000000000002e8
Event: 11.261 Thread 0x00000210bf74b3b0 Uncommon trap: reason=bimorphic_or_optimized_type_check action=maybe_recompile pc=0x000002109a2784c8 method=com.google.common.base.CharMatcher.indexIn(Ljava/lang/CharSequence;I)I @ 31 c2
Event: 11.261 Thread 0x00000210bf74b3b0 DEOPT PACKING pc=0x000002109a2784c8 sp=0x0000004e248f83b0
Event: 11.261 Thread 0x00000210bf74b3b0 DEOPT UNPACKING pc=0x0000021099b546a2 sp=0x0000004e248f8358 mode 2
Event: 11.304 Thread 0x00000210bf74b3b0 Uncommon trap: trap_request=0xffffff45 fr.pc=0x000002109a0d5118 relative=0x0000000000000a38
Event: 11.304 Thread 0x00000210bf74b3b0 Uncommon trap: reason=unstable_if action=reinterpret pc=0x000002109a0d5118 method=org.objectweb.asm.Frame.push(I)V @ 26 c2
Event: 11.304 Thread 0x00000210bf74b3b0 DEOPT PACKING pc=0x000002109a0d5118 sp=0x0000004e248f9080
Event: 11.304 Thread 0x00000210bf74b3b0 DEOPT UNPACKING pc=0x0000021099b546a2 sp=0x0000004e248f8f88 mode 2
Event: 11.317 Thread 0x00000210bf74b3b0 Uncommon trap: trap_request=0xffffffc6 fr.pc=0x000002109a2784c8 relative=0x00000000000002e8
Event: 11.317 Thread 0x00000210bf74b3b0 Uncommon trap: reason=bimorphic_or_optimized_type_check action=maybe_recompile pc=0x000002109a2784c8 method=com.google.common.base.CharMatcher.indexIn(Ljava/lang/CharSequence;I)I @ 31 c2
Event: 11.317 Thread 0x00000210bf74b3b0 DEOPT PACKING pc=0x000002109a2784c8 sp=0x0000004e248f9070
Event: 11.317 Thread 0x00000210bf74b3b0 DEOPT UNPACKING pc=0x0000021099b546a2 sp=0x0000004e248f9018 mode 2
Event: 11.393 Thread 0x00000210bf74b3b0 DEOPT PACKING pc=0x0000021092b75fee sp=0x0000004e248f8b90
Event: 11.393 Thread 0x00000210bf74b3b0 DEOPT UNPACKING pc=0x0000021099b54e42 sp=0x0000004e248f8000 mode 0
Event: 11.752 Thread 0x00000210bf74b3b0 Uncommon trap: trap_request=0xffffffde fr.pc=0x000002109a1bc014 relative=0x00000000000002b4
Event: 11.752 Thread 0x00000210bf74b3b0 Uncommon trap: reason=class_check action=maybe_recompile pc=0x000002109a1bc014 method=java.util.Collections$SetFromMap.remove(Ljava/lang/Object;)Z @ 5 c2
Event: 11.752 Thread 0x00000210bf74b3b0 DEOPT PACKING pc=0x000002109a1bc014 sp=0x0000004e248f8950
Event: 11.752 Thread 0x00000210bf74b3b0 DEOPT UNPACKING pc=0x0000021099b546a2 sp=0x0000004e248f8938 mode 2

Classes loaded (20 events):
Event: 11.035 Loading class java/security/cert/CertificateParsingException
Event: 11.035 Loading class java/security/cert/CertificateException
Event: 11.035 Loading class java/security/cert/CertificateException done
Event: 11.035 Loading class java/security/cert/CertificateParsingException done
Event: 11.173 Loading class com/sun/beans/finder/MethodFinder
Event: 11.173 Loading class com/sun/beans/finder/AbstractFinder
Event: 11.173 Loading class com/sun/beans/finder/AbstractFinder done
Event: 11.173 Loading class com/sun/beans/finder/MethodFinder done
Event: 11.173 Loading class com/sun/beans/finder/MethodFinder$1
Event: 11.173 Loading class com/sun/beans/finder/MethodFinder$1 done
Event: 11.173 Loading class com/sun/beans/finder/FinderUtils
Event: 11.173 Loading class com/sun/beans/finder/FinderUtils done
Event: 11.210 Loading class sun/reflect/MagicAccessorImpl
Event: 11.210 Loading class sun/reflect/MagicAccessorImpl done
Event: 11.245 Loading class java/util/function/IntBinaryOperator
Event: 11.245 Loading class java/util/function/IntBinaryOperator done
Event: 11.515 Loading class java/io/DeleteOnExitHook
Event: 11.515 Loading class java/io/DeleteOnExitHook done
Event: 11.515 Loading class java/io/DeleteOnExitHook$1
Event: 11.515 Loading class java/io/DeleteOnExitHook$1 done

Classes unloaded (0 events):
No events

Classes redefined (0 events):
No events

Internal exceptions (20 events):
Event: 11.237 Thread 0x00000210bf74b3b0 Exception <a 'java/lang/ClassNotFoundException'{0x00000000ebd07e20}: org/gradle/internal/metaobject/ConfigureDelegateBeanInfo> (0x00000000ebd07e20) 
thrown [s\src\hotspot\share\classfile\systemDictionary.cpp, line 312]
Event: 11.238 Thread 0x00000210bf74b3b0 Exception <a 'java/lang/ClassNotFoundException'{0x00000000ebd16680}: org/gradle/internal/metaobject/ConfigureDelegateCustomizer> (0x00000000ebd16680) 
thrown [s\src\hotspot\share\classfile\systemDictionary.cpp, line 312]
Event: 11.249 Thread 0x00000210bf74b3b0 Exception <a 'java/lang/ClassNotFoundException'{0x00000000ebdbe558}: org/gradle/plugin/use/internal/PluginRequestCollector$PluginDependenciesSpecImplBeanInfo> (0x00000000ebdbe558) 
thrown [s\src\hotspot\share\classfile\systemDictionary.cpp, line 312]
Event: 11.250 Thread 0x00000210bf74b3b0 Exception <a 'java/lang/ClassNotFoundException'{0x00000000ebdce5e8}: org/gradle/plugin/use/internal/PluginRequestCollector$PluginDependenciesSpecImplCustomizer> (0x00000000ebdce5e8) 
thrown [s\src\hotspot\share\classfile\systemDictionary.cpp, line 312]
Event: 11.252 Thread 0x00000210bf74b3b0 Exception <a 'java/lang/NoSuchMethodError'{0x00000000ebddcaa0}: 'java.lang.Object java.lang.invoke.DirectMethodHandle$Holder.invokeVirtual(java.lang.Object, java.lang.Object, java.lang.Object, int)'> (0x00000000ebddcaa0) 
thrown [s\src\hotspot\share\interpreter\linkResolver.cpp, line 773]
Event: 11.257 Thread 0x00000210bf74b3b0 Exception <a 'java/lang/ClassNotFoundException'{0x00000000ebc2c250}: org/gradle/plugin/use/internal/PluginRequestCollector$PluginDependencySpecImplBeanInfo> (0x00000000ebc2c250) 
thrown [s\src\hotspot\share\classfile\systemDictionary.cpp, line 312]
Event: 11.258 Thread 0x00000210bf74b3b0 Exception <a 'java/lang/ClassNotFoundException'{0x00000000ebc3c0b0}: org/gradle/plugin/use/internal/PluginRequestCollector$PluginDependencySpecImplCustomizer> (0x00000000ebc3c0b0) 
thrown [s\src\hotspot\share\classfile\systemDictionary.cpp, line 312]
Event: 11.306 Thread 0x00000210bf74b3b0 Exception <a 'java/lang/NoSuchMethodError'{0x00000000eb965b50}: 'java.lang.Object java.lang.invoke.DirectMethodHandle$Holder.newInvokeSpecial(java.lang.Object, java.lang.Object, java.lang.Object, java.lang.Object, java.lang.Object, java.lang.Object, java.lang.Object, java.lang.Object, java.lang.Object, java.lang.Object, java.lang.Object, java.lang.Object, java.lang.Object, java.lang.Object, java.lang.Object, java.lang.Object, java.lang.Object, java.lang.Object, java.lang.Object)'> (0x00000000eb965b50) 
thr
Event: 11.307 Thread 0x00000210bf74b3b0 Exception <a 'java/lang/NoSuchMethodError'{0x00000000eb96c540}: 'java.lang.Object java.lang.invoke.DirectMethodHandle$Holder.invokeSpecial(java.lang.Object, java.lang.Object, java.lang.Object, java.lang.Object, java.lang.Object, java.lang.Object, java.lang.Object, java.lang.Object, java.lang.Object, java.lang.Object, java.lang.Object, java.lang.Object, java.lang.Object, java.lang.Object, java.lang.Object, java.lang.Object, java.lang.Object, java.lang.Object, java.lang.Object, java.lang.Object)'> (0x0000000
Event: 11.307 Thread 0x00000210bf74b3b0 Exception <a 'java/lang/NoSuchMethodError'{0x00000000eb971df0}: 'java.lang.Object java.lang.invoke.DelegatingMethodHandle$Holder.reinvoke_L(java.lang.Object, java.lang.Object, java.lang.Object, java.lang.Object, java.lang.Object, java.lang.Object, java.lang.Object, java.lang.Object, java.lang.Object, java.lang.Object, java.lang.Object, java.lang.Object, java.lang.Object, java.lang.Object, java.lang.Object, java.lang.Object, java.lang.Object, java.lang.Object, java.lang.Object)'> (0x00000000eb971df0) 
throw
Event: 11.390 Thread 0x00000210bf74b3b0 Exception <a 'java/lang/NoSuchMethodError'{0x00000000eb433970}: 'java.lang.Object java.lang.invoke.DirectMethodHandle$Holder.newInvokeSpecial(java.lang.Object, java.lang.Object, java.lang.Object, java.lang.Object, java.lang.Object, java.lang.Object, java.lang.Object, java.lang.Object, java.lang.Object, java.lang.Object, java.lang.Object, java.lang.Object, java.lang.Object, java.lang.Object, java.lang.Object, java.lang.Object, java.lang.Object, java.lang.Object, java.lang.Object, java.lang.Object, java.lang
Event: 11.487 Thread 0x00000210bf74b3b0 Exception <a 'java/lang/NoSuchMethodError'{0x00000000eae0ccc8}: 'java.lang.Object java.lang.invoke.DirectMethodHandle$Holder.newInvokeSpecial(java.lang.Object, int, java.lang.Object)'> (0x00000000eae0ccc8) 
thrown [s\src\hotspot\share\interpreter\linkResolver.cpp, line 773]
Event: 11.571 Thread 0x00000210bf74b3b0 Exception <a 'java/lang/NoSuchMethodError'{0x00000000ea84fce8}: 'java.lang.Object java.lang.invoke.DirectMethodHandle$Holder.newInvokeSpecial(java.lang.Object, java.lang.Object, java.lang.Object, int)'> (0x00000000ea84fce8) 
thrown [s\src\hotspot\share\interpreter\linkResolver.cpp, line 773]
Event: 11.572 Thread 0x00000210bf74b3b0 Exception <a 'java/lang/NoSuchMethodError'{0x00000000ea8543c0}: 'java.lang.Object java.lang.invoke.Invokers$Holder.linkToTargetMethod(java.lang.Object, java.lang.Object, int, java.lang.Object)'> (0x00000000ea8543c0) 
thrown [s\src\hotspot\share\interpreter\linkResolver.cpp, line 773]
Event: 11.616 Thread 0x00000210bf74b3b0 Exception <a 'java/lang/NoSuchMethodError'{0x00000000ea6b9958}: 'int java.lang.invoke.DirectMethodHandle$Holder.invokeSpecialIFC(java.lang.Object, java.lang.Object, java.lang.Object)'> (0x00000000ea6b9958) 
thrown [s\src\hotspot\share\interpreter\linkResolver.cpp, line 773]
Event: 11.717 Thread 0x00000210bf74b3b0 Exception <a 'java/lang/NoSuchMethodError'{0x00000000ea28ffd8}: 'java.lang.Object java.lang.invoke.DirectMethodHandle$Holder.newInvokeSpecial(java.lang.Object, java.lang.Object, java.lang.Object, java.lang.Object, int)'> (0x00000000ea28ffd8) 
thrown [s\src\hotspot\share\interpreter\linkResolver.cpp, line 773]
Event: 11.717 Thread 0x00000210bf74b3b0 Exception <a 'java/lang/NoSuchMethodError'{0x00000000ea2950a0}: 'java.lang.Object java.lang.invoke.DirectMethodHandle$Holder.invokeSpecial(java.lang.Object, java.lang.Object, java.lang.Object, java.lang.Object, java.lang.Object, int)'> (0x00000000ea2950a0) 
thrown [s\src\hotspot\share\interpreter\linkResolver.cpp, line 773]
Event: 11.718 Thread 0x00000210bf74b3b0 Exception <a 'java/lang/NoSuchMethodError'{0x00000000ea299b30}: 'java.lang.Object java.lang.invoke.Invokers$Holder.linkToTargetMethod(java.lang.Object, java.lang.Object, java.lang.Object, int, java.lang.Object)'> (0x00000000ea299b30) 
thrown [s\src\hotspot\share\interpreter\linkResolver.cpp, line 773]
Event: 11.726 Thread 0x00000210bf74b3b0 Exception <a 'java/lang/NoSuchMethodError'{0x00000000ea104e58}: 'void java.lang.invoke.DirectMethodHandle$Holder.invokeStatic(java.lang.Object, java.lang.Object, java.lang.Object, int, java.lang.Object)'> (0x00000000ea104e58) 
thrown [s\src\hotspot\share\interpreter\linkResolver.cpp, line 773]
Event: 11.755 Thread 0x00000210bf74b3b0 Exception <a 'java/lang/NoSuchMethodError'{0x00000000ea0a5360}: 'int java.lang.invoke.DirectMethodHandle$Holder.invokeInterface(java.lang.Object, java.lang.Object, java.lang.Object, java.lang.Object, java.lang.Object)'> (0x00000000ea0a5360) 
thrown [s\src\hotspot\share\interpreter\linkResolver.cpp, line 773]

ZGC Phase Switch (0 events):
No events

VM Operations (20 events):
Event: 9.836 Executing VM operation: HandshakeAllThreads (Deoptimize)
Event: 9.836 Executing VM operation: HandshakeAllThreads (Deoptimize) done
Event: 10.105 Executing VM operation: ICBufferFull
Event: 10.105 Executing VM operation: ICBufferFull done
Event: 10.215 Executing VM operation: CollectForMetadataAllocation (Metadata GC Threshold)
Event: 10.223 Executing VM operation: CollectForMetadataAllocation (Metadata GC Threshold) done
Event: 10.261 Executing VM operation: CollectForMetadataAllocation (Metadata GC Threshold)
Event: 10.269 Executing VM operation: CollectForMetadataAllocation (Metadata GC Threshold) done
Event: 10.312 Executing VM operation: CollectForMetadataAllocation (Metadata GC Threshold)
Event: 10.318 Executing VM operation: CollectForMetadataAllocation (Metadata GC Threshold) done
Event: 10.346 Executing VM operation: G1PauseRemark
Event: 10.354 Executing VM operation: G1PauseRemark done
Event: 10.363 Executing VM operation: G1PauseCleanup
Event: 10.364 Executing VM operation: G1PauseCleanup done
Event: 10.769 Executing VM operation: HandshakeAllThreads (Deoptimize)
Event: 10.769 Executing VM operation: HandshakeAllThreads (Deoptimize) done
Event: 10.930 Executing VM operation: HandshakeAllThreads (Deoptimize)
Event: 10.930 Executing VM operation: HandshakeAllThreads (Deoptimize) done
Event: 11.128 Executing VM operation: ICBufferFull
Event: 11.129 Executing VM operation: ICBufferFull done

Events (20 events):
Event: 10.350 Thread 0x00000210a44b27a0 flushing nmethod 0x000002109a0da990
Event: 10.350 Thread 0x00000210a44b27a0 flushing nmethod 0x000002109a0d9f10
Event: 10.350 Thread 0x00000210a44b27a0 flushing nmethod 0x000002109a0d9410
Event: 10.350 Thread 0x00000210a44b27a0 flushing nmethod 0x000002109a0c3810
Event: 10.350 Thread 0x00000210a44b27a0 flushing nmethod 0x000002109a0d4290
Event: 10.350 Thread 0x00000210a44b27a0 flushing nmethod 0x000002109a0d0590
Event: 10.350 Thread 0x00000210a44b27a0 flushing nmethod 0x000002109a0cea90
Event: 10.350 Thread 0x00000210a44b27a0 flushing nmethod 0x000002109a0c2b90
Event: 10.350 Thread 0x00000210a44b27a0 flushing nmethod 0x000002109a0cd190
Event: 10.350 Thread 0x00000210a44b27a0 flushing nmethod 0x000002109a0c2590
Event: 10.350 Thread 0x00000210a44b27a0 flushing nmethod 0x000002109a0c0510
Event: 10.350 Thread 0x00000210a44b27a0 flushing nmethod 0x000002109a0bf890
Event: 10.350 Thread 0x00000210a44b27a0 flushing nmethod 0x000002109a0bde10
Event: 10.350 Thread 0x00000210a44b27a0 flushing nmethod 0x000002109a0aef90
Event: 10.350 Thread 0x00000210a44b27a0 flushing nmethod 0x000002109a0ad710
Event: 10.350 Thread 0x00000210a44b27a0 flushing nmethod 0x000002109a0bb590
Event: 10.350 Thread 0x00000210a44b27a0 flushing nmethod 0x000002109a0a8d90
Event: 10.458 Thread 0x00000210c1093250 Thread added: 0x00000210c1093250
Event: 10.529 Thread 0x00000210c108fdd0 Thread added: 0x00000210c108fdd0
Event: 11.141 Thread 0x00000210c1091810 Thread added: 0x00000210c1091810


Dynamic libraries:
0x00007ff6e3c20000 - 0x00007ff6e3c2e000 	C:\Program Files\Eclipse Adoptium\jdk-21.0.3.9-hotspot\bin\java.exe
0x00007fff85b50000 - 0x00007fff85d48000 	C:\Windows\SYSTEM32\ntdll.dll
0x00007fff85410000 - 0x00007fff854d2000 	C:\Windows\System32\KERNEL32.DLL
0x00007fff83270000 - 0x00007fff83566000 	C:\Windows\System32\KERNELBASE.dll
0x00007fff839c0000 - 0x00007fff83ac0000 	C:\Windows\System32\ucrtbase.dll
0x00007fff80180000 - 0x00007fff8019b000 	C:\Program Files\Eclipse Adoptium\jdk-21.0.3.9-hotspot\bin\VCRUNTIME140.dll
0x00007fff727f0000 - 0x00007fff72808000 	C:\Program Files\Eclipse Adoptium\jdk-21.0.3.9-hotspot\bin\jli.dll
0x00007fff84bd0000 - 0x00007fff84d6d000 	C:\Windows\System32\USER32.dll
0x00007fff83ac0000 - 0x00007fff83ae2000 	C:\Windows\System32\win32u.dll
0x00007fff71b70000 - 0x00007fff71e0a000 	C:\Windows\WinSxS\amd64_microsoft.windows.common-controls_6595b64144ccf1df_6.0.19041.5915_none_60b4b9d171f9c7c7\COMCTL32.dll
0x00007fff84460000 - 0x00007fff8448b000 	C:\Windows\System32\GDI32.dll
0x00007fff845d0000 - 0x00007fff8466e000 	C:\Windows\System32\msvcrt.dll
0x00007fff838a0000 - 0x00007fff839b9000 	C:\Windows\System32\gdi32full.dll
0x00007fff83800000 - 0x00007fff8389d000 	C:\Windows\System32\msvcp_win.dll
0x00007fff84d70000 - 0x00007fff84d9f000 	C:\Windows\System32\IMM32.DLL
0x00007fff80170000 - 0x00007fff8017c000 	C:\Program Files\Eclipse Adoptium\jdk-21.0.3.9-hotspot\bin\vcruntime140_1.dll
0x00007fff5bfc0000 - 0x00007fff5c04e000 	C:\Program Files\Eclipse Adoptium\jdk-21.0.3.9-hotspot\bin\msvcp140.dll
0x00007fff05760000 - 0x00007fff064e2000 	C:\Program Files\Eclipse Adoptium\jdk-21.0.3.9-hotspot\bin\server\jvm.dll
0x00007fff83b70000 - 0x00007fff83c21000 	C:\Windows\System32\ADVAPI32.dll
0x00007fff84720000 - 0x00007fff847bf000 	C:\Windows\System32\sechost.dll
0x00007fff859e0000 - 0x00007fff85b03000 	C:\Windows\System32\RPCRT4.dll
0x00007fff83570000 - 0x00007fff83597000 	C:\Windows\System32\bcrypt.dll
0x00007fff85970000 - 0x00007fff859db000 	C:\Windows\System32\WS2_32.dll
0x00007fff83040000 - 0x00007fff8308b000 	C:\Windows\SYSTEM32\POWRPROF.dll
0x00007fff7b500000 - 0x00007fff7b527000 	C:\Windows\SYSTEM32\WINMM.dll
0x00007fff7c3a0000 - 0x00007fff7c3aa000 	C:\Windows\SYSTEM32\VERSION.dll
0x00007fff83020000 - 0x00007fff83032000 	C:\Windows\SYSTEM32\UMPDC.dll
0x00007fff81040000 - 0x00007fff81052000 	C:\Windows\SYSTEM32\kernel.appcore.dll
0x00007fff755c0000 - 0x00007fff755ca000 	C:\Program Files\Eclipse Adoptium\jdk-21.0.3.9-hotspot\bin\jimage.dll
0x00007fff74190000 - 0x00007fff74391000 	C:\Windows\SYSTEM32\DBGHELP.DLL
0x00007fff6f830000 - 0x00007fff6f864000 	C:\Windows\SYSTEM32\dbgcore.DLL
0x00007fff831e0000 - 0x00007fff83262000 	C:\Windows\System32\bcryptPrimitives.dll
0x00007fff75450000 - 0x00007fff7545f000 	C:\Program Files\Eclipse Adoptium\jdk-21.0.3.9-hotspot\bin\instrument.dll
0x00007fff727d0000 - 0x00007fff727ef000 	C:\Program Files\Eclipse Adoptium\jdk-21.0.3.9-hotspot\bin\java.dll
0x00007fff83c40000 - 0x00007fff843ae000 	C:\Windows\System32\SHELL32.dll
0x00007fff81240000 - 0x00007fff819e4000 	C:\Windows\SYSTEM32\windows.storage.dll
0x00007fff855b0000 - 0x00007fff85903000 	C:\Windows\System32\combase.dll
0x00007fff82a60000 - 0x00007fff82a8b000 	C:\Windows\SYSTEM32\Wldp.dll
0x00007fff854e0000 - 0x00007fff855ad000 	C:\Windows\System32\OLEAUT32.dll
0x00007fff84670000 - 0x00007fff8471d000 	C:\Windows\System32\SHCORE.dll
0x00007fff85210000 - 0x00007fff8526b000 	C:\Windows\System32\shlwapi.dll
0x00007fff83110000 - 0x00007fff83134000 	C:\Windows\SYSTEM32\profapi.dll
0x00007fff56fc0000 - 0x00007fff57097000 	C:\Program Files\Eclipse Adoptium\jdk-21.0.3.9-hotspot\bin\jsvml.dll
0x00007fff6ee20000 - 0x00007fff6ee38000 	C:\Program Files\Eclipse Adoptium\jdk-21.0.3.9-hotspot\bin\zip.dll
0x00007fff72960000 - 0x00007fff72970000 	C:\Program Files\Eclipse Adoptium\jdk-21.0.3.9-hotspot\bin\net.dll
0x00007fff7f780000 - 0x00007fff7f88a000 	C:\Windows\SYSTEM32\WINHTTP.dll
0x00007fff82840000 - 0x00007fff828aa000 	C:\Windows\system32\mswsock.dll
0x00007fff6ee00000 - 0x00007fff6ee16000 	C:\Program Files\Eclipse Adoptium\jdk-21.0.3.9-hotspot\bin\nio.dll
0x00007fff727c0000 - 0x00007fff727d0000 	C:\Program Files\Eclipse Adoptium\jdk-21.0.3.9-hotspot\bin\verify.dll
0x00007fff614e0000 - 0x00007fff61507000 	C:\Users\Admin\.gradle\native\1def1411415f61bf3af743bc5b6707747c0891f09f0c88961ee8f79bc544acac\windows-amd64\native-platform.dll
0x00007fff58370000 - 0x00007fff583e8000 	C:\Users\Admin\.gradle\native\0.2.7\x86_64-windows-gnu\gradle-fileevents.dll
0x00007fff707d0000 - 0x00007fff707da000 	C:\Program Files\Eclipse Adoptium\jdk-21.0.3.9-hotspot\bin\management.dll
0x00007fff618c0000 - 0x00007fff618cb000 	C:\Program Files\Eclipse Adoptium\jdk-21.0.3.9-hotspot\bin\management_ext.dll
0x00007fff83c30000 - 0x00007fff83c38000 	C:\Windows\System32\PSAPI.DLL
0x00007fff82540000 - 0x00007fff8257b000 	C:\Windows\SYSTEM32\IPHLPAPI.DLL
0x00007fff84bc0000 - 0x00007fff84bc8000 	C:\Windows\System32\NSI.dll
0x00007fff618b0000 - 0x00007fff618b9000 	C:\Program Files\Eclipse Adoptium\jdk-21.0.3.9-hotspot\bin\extnet.dll
0x00007fff82aa0000 - 0x00007fff82ab8000 	C:\Windows\SYSTEM32\CRYPTSP.dll
0x00007fff82180000 - 0x00007fff821b8000 	C:\Windows\system32\rsaenh.dll
0x00007fff83090000 - 0x00007fff830be000 	C:\Windows\SYSTEM32\USERENV.dll
0x00007fff829d0000 - 0x00007fff829dc000 	C:\Windows\SYSTEM32\CRYPTBASE.dll
0x00007fff614d0000 - 0x00007fff614de000 	C:\Program Files\Eclipse Adoptium\jdk-21.0.3.9-hotspot\bin\sunmscapi.dll
0x00007fff835a0000 - 0x00007fff836fd000 	C:\Windows\System32\CRYPT32.dll
0x00007fff82bb0000 - 0x00007fff82bd7000 	C:\Windows\SYSTEM32\ncrypt.dll
0x00007fff82b50000 - 0x00007fff82b8b000 	C:\Windows\SYSTEM32\NTASN1.dll
0x00007fff79140000 - 0x00007fff79147000 	C:\Windows\system32\wshunix.dll

dbghelp: loaded successfully - version: 4.0.5 - missing functions: none
symbol engine: initialized successfully - sym options: 0x614 - pdb path: .;C:\Program Files\Eclipse Adoptium\jdk-21.0.3.9-hotspot\bin;C:\Windows\SYSTEM32;C:\Windows\WinSxS\amd64_microsoft.windows.common-controls_6595b64144ccf1df_6.0.19041.5915_none_60b4b9d171f9c7c7;C:\Program Files\Eclipse Adoptium\jdk-21.0.3.9-hotspot\bin\server;C:\Users\Admin\.gradle\native\1def1411415f61bf3af743bc5b6707747c0891f09f0c88961ee8f79bc544acac\windows-amd64;C:\Users\Admin\.gradle\native\0.2.7\x86_64-windows-gnu

VM Arguments:
jvm_args: --add-opens=java.base/java.lang=ALL-UNNAMED --add-opens=java.base/java.lang.invoke=ALL-UNNAMED --add-opens=java.base/java.util=ALL-UNNAMED --add-opens=java.prefs/java.util.prefs=ALL-UNNAMED --add-exports=jdk.compiler/com.sun.tools.javac.api=ALL-UNNAMED --add-exports=jdk.compiler/com.sun.tools.javac.util=ALL-UNNAMED --add-opens=java.base/java.util=ALL-UNNAMED --add-opens=java.prefs/java.util.prefs=ALL-UNNAMED --add-opens=java.base/java.nio.charset=ALL-UNNAMED --add-opens=java.base/java.net=ALL-UNNAMED --add-opens=java.base/java.util.concurrent.atomic=ALL-UNNAMED --add-opens=java.xml/javax.xml.namespace=ALL-UNNAMED -XX:MaxMetaspaceSize=384m -XX:+HeapDumpOnOutOfMemoryError -Xms256m -Xmx512m -Dfile.encoding=UTF-8 -Duser.country=CO -Duser.language=es -Duser.variant -javaagent:C:\Users\Admin\.gradle\wrapper\dists\gradle-8.13-bin\5xuhj0ry160q40clulazy9h7d\gradle-8.13\lib\agents\gradle-instrumentation-agent-8.13.jar 
java_command: org.gradle.launcher.daemon.bootstrap.GradleDaemon 8.13
java_class_path (initial): C:\Users\Admin\.gradle\wrapper\dists\gradle-8.13-bin\5xuhj0ry160q40clulazy9h7d\gradle-8.13\lib\gradle-daemon-main-8.13.jar
Launcher Type: SUN_STANDARD

[Global flags]
     intx CICompilerCount                          = 3                                         {product} {ergonomic}
   size_t CompressedClassSpaceSize                 = 335544320                                 {product} {ergonomic}
     uint ConcGCThreads                            = 1                                         {product} {ergonomic}
     uint G1ConcRefinementThreads                  = 4                                         {product} {ergonomic}
   size_t G1HeapRegionSize                         = 1048576                                   {product} {ergonomic}
    uintx GCDrainStackTargetSize                   = 64                                        {product} {ergonomic}
     bool HeapDumpOnOutOfMemoryError               = true                                   {manageable} {command line}
   size_t InitialHeapSize                          = 268435456                                 {product} {command line}
   size_t MarkStackSize                            = 4194304                                   {product} {ergonomic}
   size_t MaxHeapSize                              = 536870912                                 {product} {command line}
   size_t MaxMetaspaceSize                         = 402653184                                 {product} {command line}
   size_t MaxNewSize                               = 321912832                                 {product} {ergonomic}
   size_t MinHeapDeltaBytes                        = 1048576                                   {product} {ergonomic}
   size_t MinHeapSize                              = 268435456                                 {product} {command line}
    uintx NonNMethodCodeHeapSize                   = 5832780                                {pd product} {ergonomic}
    uintx NonProfiledCodeHeapSize                  = 122912730                              {pd product} {ergonomic}
    uintx ProfiledCodeHeapSize                     = 122912730                              {pd product} {ergonomic}
    uintx ReservedCodeCacheSize                    = 251658240                              {pd product} {ergonomic}
     bool SegmentedCodeCache                       = true                                      {product} {ergonomic}
   size_t SoftMaxHeapSize                          = 536870912                              {manageable} {ergonomic}
     bool UseCompressedOops                        = true                           {product lp64_product} {ergonomic}
     bool UseG1GC                                  = true                                      {product} {ergonomic}
     bool UseLargePagesIndividualAllocation        = false                                  {pd product} {ergonomic}

Logging:
Log output configuration:
 #0: stdout all=warning uptime,level,tags foldmultilines=false
 #1: stderr all=off uptime,level,tags foldmultilines=false

Environment Variables:
CLASSPATH=D:\microservicio-user\microservicio-notificacion\\gradle\wrapper\gradle-wrapper.jar
PATH=C:\oraclexe\app\oracle\product\11.2.0\server\bin;;C:\Program Files\Eclipse Adoptium\jdk-21.0.3.9-hotspot\bin;C:\Windows\system32;C:\Windows;C:\Windows\System32\Wbem;C:\Windows\System32\WindowsPowerShell\v1.0\;C:\Windows\System32\OpenSSH\;C:\Program Files\dotnet\;C:\Program Files (x86)\Common Files\Acronis\VirtualFile\;C:\Program Files (x86)\Common Files\Acronis\VirtualFile64\;C:\Program Files (x86)\Common Files\Acronis\FileProtector\;C:\Program Files (x86)\Common Files\Acronis\FileProtector64\;C:\Program Files (x86)\Common Files\Acronis\SnapAPI\;C:\Program Files (x86)\ATI Technologies\ATI.ACE\Core-Static;C:\Program Files\Docker\Docker\resources\bin;C:\Program Files\Git\cmd;C:\Program Files (x86)\Microsoft SQL Server\160\Tools\Binn\;C:\Program Files\Microsoft SQL Server\160\Tools\Binn\;C:\Program Files\Microsoft SQL Server\Client SDK\ODBC\170\Tools\Binn\;C:\Program Files\Microsoft SQL Server\160\DTS\Binn\;C:\Program Files (x86)\Microsoft SQL Server\160\DTS\Binn\;C:\Program Files\Elixir\bin;C:\Program Files\Erlang OTP\bin;C:\Users\Admin\AppData\Local\Programs\Python\Launcher\;C:\Users\Admin\AppData\Local\Microsoft\WindowsApps;C:\Users\Admin\AppData\Local\Programs\Microsoft VS Code\bin;C:\apache-maven-3.9.8\bin;C:\Users\Admin\AppData\Local\Programs\Python\Python312;
USERNAME=Admin
OS=Windows_NT
PROCESSOR_IDENTIFIER=Intel64 Family 6 Model 58 Stepping 9, GenuineIntel
TMP=C:\Users\Admin\AppData\Local\Temp
TEMP=C:\Users\Admin\AppData\Local\Temp




Periodic native trim disabled

---------------  S Y S T E M  ---------------

OS:
 Windows 10 , 64 bit Build 19041 (10.0.19041.5915)
OS uptime: 0 days 1:50 hours
Hyper-V role detected

CPU: total 4 (initial active 4) (4 cores per cpu, 1 threads per core) family 6 model 58 stepping 9 microcode 0x21, cx8, cmov, fxsr, mmx, sse, sse2, sse3, ssse3, sse4.1, sse4.2, popcnt, tsc, tscinvbit, avx, aes, erms, clmul, vzeroupper, clflush, hv, rdtscp, f16c
Processor Information for all 4 processors :
  Max Mhz: 3201, Current Mhz: 3201, Mhz Limit: 3201

Memory: 4k page, system-wide physical 8146M (993M free)
TotalPageFile size 11209M (AvailPageFile size 48M)
current process WorkingSet (physical memory assigned to process): 385M, peak: 385M
current process commit charge ("private bytes"): 479M, peak: 480M

vm_info: OpenJDK 64-Bit Server VM (21.0.3+9-LTS) for windows-amd64 JRE (21.0.3+9-LTS), built on 2024-04-16T00:00:00Z by "admin" with MS VC++ 17.7 (VS2022)

END.
